###############################################################################
#
# IAR ELF Linker V8.20.1.14183/W32 for ARM                23/Nov/2017  16:18:37
# Copyright 2007-2017 IAR Systems AB.
#
#    Output file  =  
#        C:\Users\ZephRay\Documents\ARM\RT_PMDPlay\IAR\Debug\Exe\Project.out
#    Map file     =  
#        C:\Users\ZephRay\Documents\ARM\RT_PMDPlay\IAR\Debug\List\Project.map
#    Command line =  
#        -f C:\Users\ZephRay\AppData\Local\Temp\EW549.tmp
#        (C:\Users\ZephRay\Documents\ARM\RT_PMDPlay\IAR\Debug\Obj\board.o
#        C:\Users\ZephRay\Documents\ARM\RT_PMDPlay\IAR\Debug\Obj\clock_config.o
#        C:\Users\ZephRay\Documents\ARM\RT_PMDPlay\IAR\Debug\Obj\diskio.o
#        C:\Users\ZephRay\Documents\ARM\RT_PMDPlay\IAR\Debug\Obj\ff.o
#        C:\Users\ZephRay\Documents\ARM\RT_PMDPlay\IAR\Debug\Obj\file.o
#        C:\Users\ZephRay\Documents\ARM\RT_PMDPlay\IAR\Debug\Obj\fmgen.o
#        C:\Users\ZephRay\Documents\ARM\RT_PMDPlay\IAR\Debug\Obj\fmtimer.o
#        C:\Users\ZephRay\Documents\ARM\RT_PMDPlay\IAR\Debug\Obj\fsl_assert.o
#        C:\Users\ZephRay\Documents\ARM\RT_PMDPlay\IAR\Debug\Obj\fsl_cache.o
#        C:\Users\ZephRay\Documents\ARM\RT_PMDPlay\IAR\Debug\Obj\fsl_clock.o
#        C:\Users\ZephRay\Documents\ARM\RT_PMDPlay\IAR\Debug\Obj\fsl_common.o
#        C:\Users\ZephRay\Documents\ARM\RT_PMDPlay\IAR\Debug\Obj\fsl_debug_console.o
#        C:\Users\ZephRay\Documents\ARM\RT_PMDPlay\IAR\Debug\Obj\fsl_dmamux.o
#        C:\Users\ZephRay\Documents\ARM\RT_PMDPlay\IAR\Debug\Obj\fsl_edma.o
#        C:\Users\ZephRay\Documents\ARM\RT_PMDPlay\IAR\Debug\Obj\fsl_gpio.o
#        C:\Users\ZephRay\Documents\ARM\RT_PMDPlay\IAR\Debug\Obj\fsl_io.o
#        C:\Users\ZephRay\Documents\ARM\RT_PMDPlay\IAR\Debug\Obj\fsl_log.o
#        C:\Users\ZephRay\Documents\ARM\RT_PMDPlay\IAR\Debug\Obj\fsl_lpi2c.o
#        C:\Users\ZephRay\Documents\ARM\RT_PMDPlay\IAR\Debug\Obj\fsl_lpuart.o
#        C:\Users\ZephRay\Documents\ARM\RT_PMDPlay\IAR\Debug\Obj\fsl_notifier.o
#        C:\Users\ZephRay\Documents\ARM\RT_PMDPlay\IAR\Debug\Obj\fsl_sai.o
#        C:\Users\ZephRay\Documents\ARM\RT_PMDPlay\IAR\Debug\Obj\fsl_sai_edma.o
#        C:\Users\ZephRay\Documents\ARM\RT_PMDPlay\IAR\Debug\Obj\fsl_sd.o
#        C:\Users\ZephRay\Documents\ARM\RT_PMDPlay\IAR\Debug\Obj\fsl_sd_disk.o
#        C:\Users\ZephRay\Documents\ARM\RT_PMDPlay\IAR\Debug\Obj\fsl_sdmmc_common.o
#        C:\Users\ZephRay\Documents\ARM\RT_PMDPlay\IAR\Debug\Obj\fsl_sdmmc_event.o
#        C:\Users\ZephRay\Documents\ARM\RT_PMDPlay\IAR\Debug\Obj\fsl_sdmmc_host.o
#        C:\Users\ZephRay\Documents\ARM\RT_PMDPlay\IAR\Debug\Obj\fsl_shell.o
#        C:\Users\ZephRay\Documents\ARM\RT_PMDPlay\IAR\Debug\Obj\fsl_str.o
#        C:\Users\ZephRay\Documents\ARM\RT_PMDPlay\IAR\Debug\Obj\fsl_usdhc.o
#        C:\Users\ZephRay\Documents\ARM\RT_PMDPlay\IAR\Debug\Obj\fsl_wm8960.o
#        C:\Users\ZephRay\Documents\ARM\RT_PMDPlay\IAR\Debug\Obj\main.o
#        C:\Users\ZephRay\Documents\ARM\RT_PMDPlay\IAR\Debug\Obj\mainModule.o
#        C:\Users\ZephRay\Documents\ARM\RT_PMDPlay\IAR\Debug\Obj\opm.o
#        C:\Users\ZephRay\Documents\ARM\RT_PMDPlay\IAR\Debug\Obj\opna.o
#        C:\Users\ZephRay\Documents\ARM\RT_PMDPlay\IAR\Debug\Obj\opnaw.o
#        C:\Users\ZephRay\Documents\ARM\RT_PMDPlay\IAR\Debug\Obj\p86drv.o
#        C:\Users\ZephRay\Documents\ARM\RT_PMDPlay\IAR\Debug\Obj\pin_mux.o
#        C:\Users\ZephRay\Documents\ARM\RT_PMDPlay\IAR\Debug\Obj\pmdmini.o
#        C:\Users\ZephRay\Documents\ARM\RT_PMDPlay\IAR\Debug\Obj\pmdwin.o
#        C:\Users\ZephRay\Documents\ARM\RT_PMDPlay\IAR\Debug\Obj\ppsdrv.o
#        C:\Users\ZephRay\Documents\ARM\RT_PMDPlay\IAR\Debug\Obj\ppz8l.o
#        C:\Users\ZephRay\Documents\ARM\RT_PMDPlay\IAR\Debug\Obj\psg.o
#        C:\Users\ZephRay\Documents\ARM\RT_PMDPlay\IAR\Debug\Obj\startup_MIMXRT1052.o
#        C:\Users\ZephRay\Documents\ARM\RT_PMDPlay\IAR\Debug\Obj\system_MIMXRT1052.o
#        C:\Users\ZephRay\Documents\ARM\RT_PMDPlay\IAR\Debug\Obj\table.o
#        C:\Users\ZephRay\Documents\ARM\RT_PMDPlay\IAR\Debug\Obj\util.o -o
#        C:\Users\ZephRay\Documents\ARM\RT_PMDPlay\IAR\Debug\Exe\Project.out
#        --map
#        C:\Users\ZephRay\Documents\ARM\RT_PMDPlay\IAR\Debug\List\Project.map
#        --config
#        C:\Users\ZephRay\Documents\ARM\RT_PMDPlay\IAR\MIMXRT1052xxxxx_sdram.icf
#        --semihosting --entry __iar_program_start --vfe --text_out locale)
#
###############################################################################

*******************************************************************************
*** RUNTIME MODEL ATTRIBUTES
***

CppFlavor        = *
__CPP_Exceptions = Disabled
__CPP_Language   = C++14
__Heap_Handler   = DLMalloc
__SystemLibrary  = DLib
__dlib_version   = 6


*******************************************************************************
*** HEAP SELECTION
***

The advanced heap was selected because the application calls memory
allocation functions outside of system library functions, and there
are calls to deallocation functions in the application.


*******************************************************************************
*** PLACEMENT SUMMARY
***

"A0":  place at 0x00000000 { ro section .intvec };
"P1":  place in [from 0x00000000 to 0x000003ff] |
                [from 0x00000400 to 0x0002ffff] { ro };
define block ZI
   with alignment = 32 { first zi, section m_usb_dma_noninit_data };
define block RW { first rw, section m_usb_dma_init_data };
"P2":  place in [from 0x20200000 to 0x2022ffff] { block ZI, block RW };
define block HEAP with size = 29M, alignment = 8 { };
"P3":  place in [from 0x80000000 to 0x81dfffff] { last block HEAP };
define block CSTACK with size = 128K, alignment = 8 { };
"P4":  place in [from 0x20000000 to 0x2001ffff] { block CSTACK };
define block NCACHE_VAR
   with size = 2M, alignment = 1M {
      section NonCacheable, section NonCacheable.init };
"P5":  place in [from 0x81e00000 to 0x81ffffff] { block NCACHE_VAR };
initialize by copy { rw, section .textrw };

No sections matched the following patterns:

  section m_usb_dma_init_data     in block RW
  section m_usb_dma_noninit_data  in block ZI


  Section                Kind        Address       Size  Object
  -------                ----        -------       ----  ------
"A0":                                             0x400
  .intvec                ro code  0x00000000      0x400  startup_MIMXRT1052.o [1]
                                - 0x00000400      0x400

"P1":                                           0x25789
  .text                  ro code  0x00000400     0xaf40  pmdwin.o [1]
  .text                  ro code  0x0000b340        0xc  toupper.o [3]
  .text                  ro code  0x0000b34c       0x30  strrchr.o [3]
  .text                  ro code  0x0000b37c       0x4c  strcpy.o [6]
  .text                  ro code  0x0000b3c8       0x20  strcat.o [3]
  .text                  ro code  0x0000b3e8       0x40  sprintf.o [3]
  .text                  ro code  0x0000b428      0x308  opnaw.o [1]
  .text                  ro code  0x0000b730     0x2996  ppz8l.o [1]
  .text                  ro code  0x0000e0c6        0xa  xsprout.o [3]
  .text                  ro code  0x0000e0d0      0x7b2  ppsdrv.o [1]
  .rodata                const    0x0000e882        0x2  fsl_dmamux.o [1]
  .text                  ro code  0x0000e884      0xcbc  p86drv.o [1]
  .text                  ro code  0x0000f540       0x66  ABImemset.o [6]
  .text                  ro code  0x0000f5a6       0x12  ppz8l.o [1]
  .text                  ro code  0x0000f5b8     0x19c8  opna.o [1]
  .text                  ro code  0x00010f80       0x1e  sqrtf.o [5]
  .rodata                const    0x00010f9e        0x2  fsl_edma.o [1]
  .text                  ro code  0x00010fa0       0xa8  rand.o [3]
  .text                  ro code  0x00011048        0x8  abs.o [3]
  .text                  ro code  0x00011050       0xa6  ABImemcpy.o [6]
  .rodata                const    0x000110f6        0x2  util.o [1]
  .text                  ro code  0x000110f8       0x36  strlen.o [6]
  .rodata                const    0x0001112e        0x2  util.o [1]
  .text                  ro code  0x00011130      0x1c0  util.o [1]
  .text                  ro code  0x000112f0       0x4a  strcmp.o [6]
  .rodata                const    0x0001133a        0x2  util.o [1]
  .text                  ro code  0x0001133c       0x16  strchr.o [6]
  .rodata                const    0x00011352        0x2  util.o [1]
  .text                  ro code  0x00011354     0x16e4  ff.o [1]
  .text                  ro code  0x00012a38     0x14d8  dlmalloc.o [3]
  .text                  ro code  0x00013f10        0x4  heaptramp0.o [3]
  .text                  ro code  0x00013f14       0x28  strncmp.o [3]
  .text                  ro code  0x00013f3c       0x68  memcmp.o [6]
  .text                  ro code  0x00013fa4        0xa  pmdwin.o [1]
  .text                  ro code  0x00013fae        0xa  pmdwin.o [1]
  .text                  ro code  0x00013fb8      0x140  fmtimer.o [1]
  .text                  ro code  0x000140f8       0x46  U64ToDbl.o [5]
  .rodata                const    0x0001413e        0x2  util.o [1]
  .text                  ro code  0x00014140      0x990  pow64.o [5]
  .text                  ro code  0x00014ad0      0x22e  I64DivMod.o [6]
  .rodata                const    0x00014cfe        0x2  util.o [1]
  .text                  ro code  0x00014d00       0x24  newop_0.o [4]
  .text                  ro code  0x00014d24      0x142  xprintftiny.o [3]
  .text                  ro code  0x00014e66       0x44  strncasecmp.o [3]
  .rodata                const    0x00014eaa        0x2  util.o [1]
  .text                  ro code  0x00014eac       0x70  strncpy.o [6]
  .text                  ro code  0x00014f1c      0x7c8  psg.o [1]
  .text                  ro code  0x000156e4        0xc  opna.o [1]
  .text                  ro code  0x000156f0        0xa  opna.o [1]
  .text                  ro code  0x000156fa       0x16  opna.o [1]
  .text                  ro code  0x00015710        0xc  opna.o [1]
  .text                  ro code  0x0001571c        0xc  opna.o [1]
  .text                  ro code  0x00015728        0xc  opna.o [1]
  .text                  ro code  0x00015734        0xc  opna.o [1]
  .text                  ro code  0x00015740        0xc  opna.o [1]
  .text                  ro code  0x0001574c        0xc  opna.o [1]
  .text                  ro code  0x00015758        0xc  opna.o [1]
  .text                  ro code  0x00015764        0x6  opna.o [1]
  .text                  ro code  0x0001576a        0xa  opna.o [1]
  .text                  ro code  0x00015774       0x18  fsl_assert.o [1]
  .text                  ro code  0x0001578c      0xa30  fmgen.o [1]
  .text                  ro code  0x000161bc        0x8  opna.o [1]
  .text                  ro code  0x000161c4       0x28  cxxabi.o [4]
  .text                  ro code  0x000161ec       0x18  opna.o [1]
  .text                  ro code  0x00016204       0x12  opna.o [1]
  .text                  ro code  0x00016216       0x22  opna.o [1]
  .text                  ro code  0x00016238       0x1a  opna.o [1]
  .text                  ro code  0x00016252       0x24  opna.o [1]
  .rodata                const    0x00016276        0x2  util.o [1]
  .text                  ro code  0x00016278        0xc  opna.o [1]
  .text                  ro code  0x00016284       0x30  opna.o [1]
  .text                  ro code  0x000162b4        0x8  opna.o [1]
  .text                  ro code  0x000162bc        0x8  opna.o [1]
  .text                  ro code  0x000162c4       0x60  opna.o [1]
  .text                  ro code  0x00016324        0x8  opna.o [1]
  .text                  ro code  0x0001632c       0x2a  opna.o [1]
  .text                  ro code  0x00016356       0x88  opna.o [1]
  .rodata                const    0x000163de        0x2  util.o [1]
  .text                  ro code  0x000163e0       0x38  opna.o [1]
  .text                  ro code  0x00016418        0x4  newaop_0.o [4]
  .text                  ro code  0x0001641c        0xa  delop_0.o [4]
  .rodata                const    0x00016426        0x2  util.o [1]
  .text                  ro code  0x00016428       0xf0  file.o [1]
  .text                  ro code  0x00016518        0x6  ABImemclr.o [6]
  .text                  ro code  0x0001651e       0x28  strncat.o [3]
  .text                  ro code  0x00016546        0x4  delaop_0.o [4]
  .text                  ro code  0x0001654a       0x74  diskio.o [1]
  .rodata                const    0x000165be        0x2  util.o [1]
  .text                  ro code  0x000165c0       0xc2  fsl_debug_console.o [1]
  .text                  ro code  0x00016682        0x6  abort.o [3]
  .text                  ro code  0x00016688       0x2c  xgetmemchunk.o [3]
  .text                  ro code  0x000166b4       0x7c  frexp.o [5]
  .text                  ro code  0x00016730      0x384  iar_Exp64.o [5]
  .text                  ro code  0x00016ab4        0x2  I64DivZer.o [6]
  .text                  ro code  0x00016ab6        0x4  nomemory.o [4]
  .text                  ro code  0x00016aba        0x8  psg.o [1]
  .text                  ro code  0x00016ac2        0xc  fmgen.o [1]
  .text                  ro code  0x00016ace        0x8  fmgen.o [1]
  .text                  ro code  0x00016ad6        0xc  fmgen.o [1]
  .text                  ro code  0x00016ae2       0x3e  fmgen.o [1]
  .text                  ro code  0x00016b20       0x18  opm.o [1]
  .text                  ro code  0x00016b38        0xa  fmgen.o [1]
  .rodata                const    0x00016b42        0x2  util.o [1]
  .text                  ro code  0x00016b44       0x74  fmgen.o [1]
  .text                  ro code  0x00016bb8       0x44  fmgen.o [1]
  .text                  ro code  0x00016bfc       0x90  fmgen.o [1]
  .text                  ro code  0x00016c8c       0x54  fmgen.o [1]
  .text                  ro code  0x00016ce0        0xc  opna.o [1]
  .text                  ro code  0x00016cec        0xc  opna.o [1]
  .text                  ro code  0x00016cf8       0x10  opna.o [1]
  .text                  ro code  0x00016d08       0x10  opna.o [1]
  .text                  ro code  0x00016d18        0x4  file.o [1]
  .text                  ro code  0x00016d1c       0xf8  fsl_sd_disk.o [1]
  .text                  ro code  0x00016e14       0xb2  fsl_log.o [1]
  .rodata                const    0x00016ec6        0x2  util.o [1]
  .text                  ro code  0x00016ec8        0x6  ABImemclr4.o [6]
  .rodata                const    0x00016ece        0x2  util.o [1]
  .text                  ro code  0x00016ed0      0x486  fsl_str.o [1]
  .rodata                const    0x00017356        0x2  util.o [1]
  .text                  ro code  0x00017358       0x14  exit.o [7]
  .text                  ro code  0x0001736c       0xf0  ldexp.o [5]
  .text                  ro code  0x0001745c        0xe  fmgen.o [1]
  .rodata                const    0x0001746a        0x2  util.o [1]
  .text                  ro code  0x0001746c       0x24  fmgen.o [1]
  .text                  ro code  0x00017490     0x16e8  fsl_sd.o [1]
  .text                  ro code  0x00018b78       0xd4  fsl_io.o [1]
  .text                  ro code  0x00018c4c       0x32  ABImemset48.o [6]
  .rodata                const    0x00018c7e        0x2  util.o [1]
  .text                  ro code  0x00018c80       0x9e  modf.o [5]
  .rodata                const    0x00018d1e        0x2  util.o [1]
  .text                  ro code  0x00018d20       0x5c  DblToS64.o [5]
  .text                  ro code  0x00018d7c       0x52  S64ToDbl.o [5]
  .rodata                const    0x00018dce        0x2  util.o [1]
  .text                  ro code  0x00018dd0      0x3b4  fsl_sdmmc_common.o [1]
  .text                  ro code  0x00019184      0xf84  fsl_usdhc.o [1]
  .text                  ro code  0x0001a108      0x4b8  fsl_sdmmc_host.o [1]
  .text                  ro code  0x0001a5c0      0x52c  fsl_lpuart.o [1]
  .text                  ro code  0x0001aaec      0x140  fsl_sdmmc_event.o [1]
  .text                  ro code  0x0001ac2c      0x1d6  fsl_gpio.o [1]
  .rodata                const    0x0001ae02        0x2  util.o [1]
  .text                  ro code  0x0001ae04      0x638  fsl_clock.o [1]
  .text                  ro code  0x0001b43c      0xd68  main.o [1]
  .text                  ro code  0x0001c1a4      0x178  iar_Stoulx.o [3]
  .text                  ro code  0x0001c31c      0x190  pmdmini.o [1]
  .text                  ro code  0x0001c4ac      0x3fc  fsl_sai_edma.o [1]
  .text                  ro code  0x0001c8a8      0x290  board.o [1]
  .text                  ro code  0x0001cb38      0x448  pin_mux.o [1]
  .text                  ro code  0x0001cf80      0x22c  clock_config.o [1]
  .text                  ro code  0x0001d1ac      0xd20  fsl_edma.o [1]
  .text                  ro code  0x0001decc       0xa4  fsl_dmamux.o [1]
  .text                  ro code  0x0001df70      0x6a0  fsl_sai.o [1]
  .text                  ro code  0x0001e610      0x83c  fsl_lpi2c.o [1]
  .text                  ro code  0x0001ee4c      0x534  fsl_wm8960.o [1]
  .text                  ro code  0x0001f380      0x882  fsl_shell.o [1]
  .rodata                const    0x0001fc02        0x2  util.o [1]
  .text                  ro code  0x0001fc04       0x58  memchr.o [6]
  .text                  ro code  0x0001fc5c      0x244  system_MIMXRT1052.o [1]
  .text                  ro code  0x0001fea0       0x96  ABImemmove.o [6]
  .rodata                const    0x0001ff36        0x2  util.o [1]
  .rodata                const    0x0001ff38      0x4d0  table.o [1]
  .rodata                const    0x00020408      0x200  fmgen.o [1]
  .text                  ro code  0x00020608      0x1f2  lz77_init.o [6]
  .rodata                const    0x000207fa        0x2  util.o [1]
  .rodata                const    0x000207fc      0x194  table.o [1]
  .rodata                const    0x00020990      0x10c  table.o [1]
  .rodata                const    0x00020a9c      0x100  fmgen.o [1]
  .rodata                const    0x00020b9c       0xe0  table.o [1]
  .rodata                const    0x00020c7c       0xe0  table.o [1]
  .rodata                const    0x00020d5c       0xe0  table.o [1]
  .rodata                const    0x00020e3c       0xe0  table.o [1]
  .rodata                const    0x00020f1c       0xe0  table.o [1]
  .rodata                const    0x00020ffc       0xb4  table.o [1]
  .rodata                const    0x000210b0       0xb4  table.o [1]
  .rodata                const    0x00021164       0xb4  table.o [1]
  .rodata                const    0x00021218       0xb4  table.o [1]
  .rodata                const    0x000212cc       0xb4  table.o [1]
  .rodata                const    0x00021380       0x88  table.o [1]
  .rodata                const    0x00021408       0x88  table.o [1]
  .rodata                const    0x00021490       0x88  table.o [1]
  .rodata                const    0x00021518       0x88  table.o [1]
  .rodata                const    0x000215a0       0x88  table.o [1]
  .rodata                const    0x00021628       0x88  table.o [1]
  .rodata                const    0x000216b0       0x88  table.o [1]
  .rodata                const    0x00021738       0x88  table.o [1]
  .rodata                const    0x000217c0       0x88  table.o [1]
  .rodata                const    0x00021848       0x88  table.o [1]
  .rodata                const    0x000218d0       0x88  table.o [1]
  .rodata                const    0x00021958       0x88  table.o [1]
  .rodata                const    0x000219e0       0x84  table.o [1]
  .rodata                const    0x00021a64       0x80  fmgen.o [1]
  .rodata                const    0x00021ae4       0x5c  fsl_debug_console.o [1]
  .rodata                const    0x00021b40       0x80  fmgen.o [1]
  .rodata                const    0x00021bc0       0x78  main.o [1]
  .rodata                const    0x00021c38       0x70  fsl_wm8960.o [1]
  .rodata                const    0x00021ca8       0x5c  fsl_shell.o [1]
  .rodata                const    0x00021d04       0x5c  main.o [1]
  .rodata                const    0x00021d60       0x5c  table.o [1]
  .rodata                const    0x00021dbc       0x5c  table.o [1]
  .rodata                const    0x00021e18       0x5c  table.o [1]
  .rodata                const    0x00021e74       0x5c  table.o [1]
  .rodata                const    0x00021ed0       0x5c  table.o [1]
  .rodata                const    0x00021f2c       0x5c  table.o [1]
  .rodata                const    0x00021f88       0x5c  table.o [1]
  .rodata                const    0x00021fe4       0x5c  table.o [1]
  .rodata                const    0x00022040       0x5c  table.o [1]
  .rodata                const    0x0002209c       0x5c  table.o [1]
  .rodata                const    0x000220f8       0x5c  table.o [1]
  .rodata                const    0x00022154       0x5c  table.o [1]
  .rodata                const    0x000221b0       0x5c  table.o [1]
  .rodata                const    0x0002220c       0x5c  table.o [1]
  .rodata                const    0x00022268       0x5c  table.o [1]
  .rodata                const    0x000222c4       0x5c  table.o [1]
  .rodata                const    0x00022320       0x5c  table.o [1]
  .rodata                const    0x0002237c       0x5c  table.o [1]
  .rodata                const    0x000223d8       0x5c  table.o [1]
  .rodata                const    0x00022434       0x5c  table.o [1]
  .rodata                const    0x00022490       0x5c  table.o [1]
  .rodata                const    0x000224ec       0x5c  table.o [1]
  .rodata                const    0x00022548       0x5c  table.o [1]
  .rodata                const    0x000225a4       0x5c  table.o [1]
  .rodata                const    0x00022600       0x5c  table.o [1]
  .rodata                const    0x0002265c       0x5c  table.o [1]
  .rodata                const    0x000226b8       0x5c  table.o [1]
  .rodata                const    0x00022714       0x5c  table.o [1]
  .rodata                const    0x00022770       0x5c  table.o [1]
  .rodata                const    0x000227cc       0x5c  table.o [1]
  .rodata                const    0x00022828       0x5c  table.o [1]
  .rodata                const    0x00022884       0x5c  table.o [1]
  .rodata                const    0x000228e0       0x5c  table.o [1]
  .rodata                const    0x0002293c       0x5c  table.o [1]
  .rodata                const    0x00022998       0x5c  table.o [1]
  .rodata                const    0x000229f4       0x5c  table.o [1]
  .rodata                const    0x00022a50       0x5c  table.o [1]
  .rodata                const    0x00022aac       0x5c  table.o [1]
  .rodata                const    0x00022b08       0x5c  table.o [1]
  .rodata                const    0x00022b64       0x5c  table.o [1]
  .rodata                const    0x00022bc0       0x5c  table.o [1]
  .rodata                const    0x00022c1c       0x5c  table.o [1]
  .rodata                const    0x00022c78       0x5c  table.o [1]
  .rodata                const    0x00022cd4       0x5c  table.o [1]
  .rodata                const    0x00022d30       0x5c  table.o [1]
  .rodata                const    0x00022d8c       0x5c  table.o [1]
  .rodata                const    0x00022de8       0x5c  table.o [1]
  .rodata                const    0x00022e44       0x5c  table.o [1]
  .rodata                const    0x00022ea0       0x5c  table.o [1]
  .rodata                const    0x00022efc       0x5c  table.o [1]
  .rodata                const    0x00022f58       0x5c  table.o [1]
  .rodata                const    0x00022fb4       0x5c  table.o [1]
  .rodata                const    0x00023010       0x5c  table.o [1]
  .rodata                const    0x0002306c       0x5c  table.o [1]
  .rodata                const    0x000230c8       0x5c  table.o [1]
  .rodata                const    0x00023124       0x5c  table.o [1]
  .rodata                const    0x00023180       0x5c  table.o [1]
  .rodata                const    0x000231dc       0x5c  table.o [1]
  .rodata                const    0x00023238       0x5c  table.o [1]
  .rodata                const    0x00023294       0x5c  table.o [1]
  .rodata                const    0x000232f0       0x5c  table.o [1]
  .rodata                const    0x0002334c       0x5c  table.o [1]
  .rodata                const    0x000233a8       0x5c  table.o [1]
  .rodata                const    0x00023404       0x5c  table.o [1]
  .rodata                const    0x00023460       0x5c  table.o [1]
  .rodata                const    0x000234bc       0x5c  table.o [1]
  .rodata                const    0x00023518       0x5c  table.o [1]
  .rodata                const    0x00023574       0x5c  table.o [1]
  .rodata                const    0x000235d0       0x58  fsl_log.o [1]
  .rodata                const    0x00023628       0x58  fsl_sdmmc_host.o [1]
  .rodata                const    0x00023680       0x54  clock_config.o [1]
  .rodata                const    0x000236d4       0x54  fsl_dmamux.o [1]
  .rodata                const    0x00023728       0x54  fsl_dmamux.o [1]
  .rodata                const    0x0002377c       0x54  fsl_edma.o [1]
  .rodata                const    0x000237d0       0x54  fsl_gpio.o [1]
  .rodata                const    0x00023824       0x54  fsl_io.o [1]
  .rodata                const    0x00023878       0x54  fsl_lpi2c.o [1]
  .rodata                const    0x000238cc       0x54  fsl_lpi2c.o [1]
  .rodata                const    0x00023920       0x54  fsl_lpuart.o [1]
  .rodata                const    0x00023974       0x54  fsl_lpuart.o [1]
  .rodata                const    0x000239c8       0x54  fsl_sai.o [1]
  .rodata                const    0x00023a1c       0x54  fsl_sai_edma.o [1]
  .rodata                const    0x00023a70       0x54  fsl_sdmmc_common.o [1]
  .rodata                const    0x00023ac4       0x54  fsl_shell.o [1]
  .rodata                const    0x00023b18       0x54  fsl_shell.o [1]
  .rodata                const    0x00023b6c       0x54  fsl_usdhc.o [1]
  .rodata                const    0x00023bc0       0x54  fsl_usdhc.o [1]
  .rodata                const    0x00023c14       0x54  main.o [1]
  .rodata                const    0x00023c68       0x54  pin_mux.o [1]
  .rodata                const    0x00023cbc       0x50  fsl_edma.o [1]
  .rodata                const    0x00023d0c       0x50  fsl_gpio.o [1]
  .rodata                const    0x00023d5c       0x50  fsl_sai.o [1]
  .rodata                const    0x00023dac       0x48  fsl_sd.o [1]
  .rodata                const    0x00023df4       0x40  fsl_edma.o [1]
  .rodata                const    0x00023e34       0x40  opna.o [1]
  .rodata                const    0x00023e74       0x40  opna.o [1]
  .rodata                const    0x00023eb4       0x40  opna.o [1]
  .rodata                const    0x00023ef4       0x40  ppz8l.o [1]
  .rodata                const    0x00023f34       0x40  ppz8l.o [1]
  .rodata                const    0x00023f74       0x40  table.o [1]
  .text                  ro code  0x00023fb4       0x40  zero_init3.o [6]
  .rodata                const    0x00023ff4       0x30  fmgen.o [1]
  .rodata                const    0x00024024       0x30  fsl_shell.o [1]
  .rodata                const    0x00024054       0x30  main.o [1]
  .rodata                const    0x00024084       0x30  main.o [1]
  .rodata                const    0x000240b4       0x30  table.o [1]
  .rodata                const    0x000240e4       0x30  table.o [1]
  .rodata                const    0x00024114       0x30  table.o [1]
  .rodata                const    0x00024144       0x30  table.o [1]
  .rodata                const    0x00024174       0x30  table.o [1]
  .rodata                const    0x000241a4       0x30  table.o [1]
  .rodata                const    0x000241d4       0x30  table.o [1]
  .rodata                const    0x00024204       0x30  table.o [1]
  .rodata                const    0x00024234       0x30  table.o [1]
  .rodata                const    0x00024264       0x30  table.o [1]
  .rodata                const    0x00024294       0x30  table.o [1]
  .rodata                const    0x000242c4       0x30  table.o [1]
  .rodata                const    0x000242f4       0x30  table.o [1]
  .rodata                const    0x00024324       0x30  table.o [1]
  .rodata                const    0x00024354       0x30  table.o [1]
  .rodata                const    0x00024384       0x30  table.o [1]
  .rodata                const    0x000243b4       0x30  table.o [1]
  .rodata                const    0x000243e4       0x30  table.o [1]
  .rodata                const    0x00024414       0x30  table.o [1]
  .rodata                const    0x00024444       0x30  table.o [1]
  .rodata                const    0x00024474       0x30  table.o [1]
  .rodata                const    0x000244a4       0x30  table.o [1]
  .rodata                const    0x000244d4       0x30  table.o [1]
  .rodata                const    0x00024504       0x30  table.o [1]
  .rodata                const    0x00024534       0x30  table.o [1]
  .rodata                const    0x00024564       0x30  table.o [1]
  .rodata                const    0x00024594       0x30  table.o [1]
  .rodata                const    0x000245c4       0x30  table.o [1]
  .rodata                const    0x000245f4       0x30  table.o [1]
  .rodata                const    0x00024624       0x30  table.o [1]
  .rodata                const    0x00024654       0x30  table.o [1]
  .rodata                const    0x00024684       0x30  table.o [1]
  .rodata                const    0x000246b4       0x30  table.o [1]
  .rodata                const    0x000246e4       0x30  table.o [1]
  .rodata                const    0x00024714       0x30  table.o [1]
  .rodata                const    0x00024744       0x30  table.o [1]
  .rodata                const    0x00024774       0x30  table.o [1]
  .rodata                const    0x000247a4       0x30  table.o [1]
  .rodata                const    0x000247d4       0x30  table.o [1]
  .rodata                const    0x00024804       0x30  table.o [1]
  .rodata                const    0x00024834       0x30  table.o [1]
  .rodata                const    0x00024864       0x30  table.o [1]
  .rodata                const    0x00024894       0x30  table.o [1]
  .rodata                const    0x000248c4       0x30  table.o [1]
  .rodata                const    0x000248f4       0x30  table.o [1]
  .rodata                const    0x00024924       0x30  table.o [1]
  .rodata                const    0x00024954       0x30  table.o [1]
  .rodata                const    0x00024984       0x30  table.o [1]
  .rodata                const    0x000249b4       0x30  table.o [1]
  .rodata                const    0x000249e4       0x30  table.o [1]
  .rodata                const    0x00024a14       0x30  table.o [1]
  .rodata                const    0x00024a44       0x30  table.o [1]
  .rodata                const    0x00024a74       0x30  table.o [1]
  .rodata                const    0x00024aa4       0x30  table.o [1]
  .rodata                const    0x00024ad4       0x30  table.o [1]
  .rodata                const    0x00024b04       0x30  table.o [1]
  .rodata                const    0x00024b34       0x30  table.o [1]
  .rodata                const    0x00024b64       0x30  table.o [1]
  .rodata                const    0x00024b94       0x30  table.o [1]
  .rodata                const    0x00024bc4       0x30  table.o [1]
  .rodata                const    0x00024bf4       0x30  table.o [1]
  .rodata                const    0x00024c24       0x30  table.o [1]
  .rodata                const    0x00024c54       0x30  table.o [1]
  .rodata                const    0x00024c84       0x30  table.o [1]
  .rodata                const    0x00024cb4       0x30  table.o [1]
  .rodata                const    0x00024ce4       0x30  table.o [1]
  .rodata                const    0x00024d14       0x30  table.o [1]
  .rodata                const    0x00024d44       0x2c  fsl_assert.o [1]
  .rodata                const    0x00024d70       0x2c  fsl_shell.o [1]
  .rodata                const    0x00024d9c       0x28  fsl_shell.o [1]
  .rodata                const    0x00024dc4       0x28  main.o [1]
  .text                  ro code  0x00024dec       0x28  startup_MIMXRT1052.o [1]
  .text                  ro code  0x00024e14       0x28  data_init.o [6]
  .rodata                const    0x00024e3c       0x24  fsl_lpuart.o [1]
  .rodata                const    0x00024e60       0x24  main.o [1]
  .rodata                const    0x00024e84       0x24  opna.o [1]
  .rodata                const    0x00024ea8       0x24  opnaw.o [1]
  .text                  ro code  0x00024ecc       0x22  fpinit_M.o [5]
  .iar.init_table        const    0x00024ef0       0x50  - Linker created -
  .rodata                const    0x00024f40        0x2  util.o [1]
  .rodata                const    0x00024f44       0x20  main.o [1]
  .rodata                const    0x00024f64       0x20  main.o [1]
  .rodata                const    0x00024f84       0x20  p86drv.o [1]
  .rodata                const    0x00024fa4       0x20  pmdwin.o [1]
  .text                  ro code  0x00024fc4       0x1e  cmain.o [6]
  .text                  ro code  0x00024fe2        0x4  low_level_init.o [3]
  .text                  ro code  0x00024fe6        0x4  exit.o [3]
  .rodata                const    0x00024fea        0x2  util.o [1]
  .text                  ro code  0x00024fec        0xa  cexit.o [6]
  .rodata                const    0x00024ff6        0x2  util.o [1]
  .rodata                const    0x00024ff8       0x1c  fsl_shell.o [1]
  .rodata                const    0x00025014       0x1c  main.o [1]
  .rodata                const    0x00025030       0x1c  opna.o [1]
  .rodata                const    0x0002504c       0x18  fsl_gpio.o [1]
  .rodata                const    0x00025064       0x18  fsl_sdmmc_host.o [1]
  .rodata                const    0x0002507c       0x18  main.o [1]
  .rodata                const    0x00025094       0x18  main.o [1]
  .rodata                const    0x000250ac       0x18  main.o [1]
  .rodata                const    0x000250c4       0x18  main.o [1]
  .rodata                const    0x000250dc       0x18  main.o [1]
  .rodata                const    0x000250f4       0x18  main.o [1]
  .rodata                const    0x0002510c       0x14  ff.o [1]
  .rodata                const    0x00025120       0x14  fsl_lpi2c.o [1]
  .rodata                const    0x00025134       0x14  fsl_lpuart.o [1]
  .rodata                const    0x00025148       0x14  fsl_shell.o [1]
  .rodata                const    0x0002515c       0x14  main.o [1]
  .rodata                const    0x00025170       0x14  main.o [1]
  .rodata                const    0x00025184       0x14  main.o [1]
  .rodata                const    0x00025198       0x10  ff.o [1]
  .rodata                const    0x000251a8       0x10  file.o [1]
  .rodata                const    0x000251b8       0x10  fmgen.o [1]
  .rodata                const    0x000251c8       0x10  fsl_clock.o [1]
  .rodata                const    0x000251d8       0x10  fsl_sai.o [1]
  .rodata                const    0x000251e8       0x10  fsl_shell.o [1]
  .rodata                const    0x000251f8       0x10  fsl_shell.o [1]
  .rodata                const    0x00025208       0x10  main.o [1]
  .rodata                const    0x00025218       0x10  main.o [1]
  .rodata                const    0x00025228       0x10  main.o [1]
  .rodata                const    0x00025238       0x10  main.o [1]
  .rodata                const    0x00025248       0x10  opna.o [1]
  .rodata                const    0x00025258       0x10  opna.o [1]
  .rodata                const    0x00025268       0x10  opna.o [1]
  .rodata                const    0x00025278       0x10  table.o [1]
  .rodata                const    0x00025288        0xc  clock_config.o [1]
  .rodata                const    0x00025294        0xc  fsl_gpio.o [1]
  .rodata                const    0x000252a0        0xc  fsl_lpi2c.o [1]
  .rodata                const    0x000252ac        0xc  fsl_lpi2c.o [1]
  .rodata                const    0x000252b8        0xc  fsl_shell.o [1]
  .rodata                const    0x000252c4        0xc  fsl_usdhc.o [1]
  .rodata                const    0x000252d0        0xc  main.o [1]
  .rodata                const    0x000252dc        0xc  main.o [1]
  .rodata                const    0x000252e8        0xc  main.o [1]
  .rodata                const    0x000252f4        0xc  pmdwin.o [1]
  .text                  ro code  0x00025300        0xc  cstartup_M.o [6]
  .rodata                const    0x0002530c        0x8  clock_config.o [1]
  .rodata                const    0x00025314        0x8  fmgen.o [1]
  .rodata                const    0x0002531c        0x8  fmgen.o [1]
  .rodata                const    0x00025324        0x8  fsl_debug_console.o [1]
  .rodata                const    0x0002532c        0x8  fsl_dmamux.o [1]
  .rodata                const    0x00025334        0x8  fsl_edma.o [1]
  .rodata                const    0x0002533c        0x8  fsl_gpio.o [1]
  .rodata                const    0x00025344        0x8  fsl_io.o [1]
  .rodata                const    0x0002534c        0x8  fsl_log.o [1]
  .rodata                const    0x00025354        0x8  fsl_lpi2c.o [1]
  .rodata                const    0x0002535c        0x8  fsl_lpuart.o [1]
  .rodata                const    0x00025364        0x8  fsl_sai.o [1]
  .rodata                const    0x0002536c        0x8  fsl_sai.o [1]
  .rodata                const    0x00025374        0x8  fsl_sai_edma.o [1]
  .rodata                const    0x0002537c        0x8  fsl_sd.o [1]
  .rodata                const    0x00025384        0x8  fsl_sd.o [1]
  .rodata                const    0x0002538c        0x8  fsl_sd.o [1]
  .rodata                const    0x00025394        0x8  fsl_sd.o [1]
  .rodata                const    0x0002539c        0x8  fsl_sd.o [1]
  .rodata                const    0x000253a4        0x8  fsl_sd.o [1]
  .rodata                const    0x000253ac        0x8  fsl_sd.o [1]
  .rodata                const    0x000253b4        0x8  fsl_sd.o [1]
  .rodata                const    0x000253bc        0x8  fsl_sd.o [1]
  .rodata                const    0x000253c4        0x8  fsl_sd.o [1]
  .rodata                const    0x000253cc        0x8  fsl_sd.o [1]
  .rodata                const    0x000253d4        0x8  fsl_sd.o [1]
  .rodata                const    0x000253dc        0x8  fsl_sd.o [1]
  .rodata                const    0x000253e4        0x8  fsl_sdmmc_common.o [1]
  .rodata                const    0x000253ec        0x8  fsl_sdmmc_common.o [1]
  .rodata                const    0x000253f4        0x8  fsl_sdmmc_common.o [1]
  .rodata                const    0x000253fc        0x8  fsl_sdmmc_common.o [1]
  .rodata                const    0x00025404        0x8  fsl_sdmmc_common.o [1]
  .rodata                const    0x0002540c        0x8  fsl_sdmmc_common.o [1]
  .rodata                const    0x00025414        0x8  fsl_sdmmc_common.o [1]
  .rodata                const    0x0002541c        0x8  fsl_sdmmc_host.o [1]
  .rodata                const    0x00025424        0x8  fsl_shell.o [1]
  .rodata                const    0x0002542c        0x8  fsl_shell.o [1]
  .rodata                const    0x00025434        0x8  fsl_shell.o [1]
  .rodata                const    0x0002543c        0x8  fsl_shell.o [1]
  .rodata                const    0x00025444        0x8  fsl_shell.o [1]
  .rodata                const    0x0002544c        0x8  fsl_shell.o [1]
  .rodata                const    0x00025454        0x8  fsl_usdhc.o [1]
  .rodata                const    0x0002545c        0x8  fsl_usdhc.o [1]
  .rodata                const    0x00025464        0x8  fsl_usdhc.o [1]
  .rodata                const    0x0002546c        0x8  main.o [1]
  .rodata                const    0x00025474        0x8  main.o [1]
  .rodata                const    0x0002547c        0x8  main.o [1]
  .rodata                const    0x00025484        0x8  main.o [1]
  .rodata                const    0x0002548c        0x8  main.o [1]
  .rodata                const    0x00025494        0x8  main.o [1]
  .rodata                const    0x0002549c        0x8  opna.o [1]
  .rodata                const    0x000254a4        0x8  opna.o [1]
  .rodata                const    0x000254ac        0x8  opna.o [1]
  .rodata                const    0x000254b4        0x8  opna.o [1]
  .rodata                const    0x000254bc        0x8  opna.o [1]
  .rodata                const    0x000254c4        0x8  opna.o [1]
  .rodata                const    0x000254cc        0x8  pin_mux.o [1]
  .rodata                const    0x000254d4        0x8  pmdwin.o [1]
  .rodata                const    0x000254dc        0x8  pmdwin.o [1]
  .rodata                const    0x000254e4        0x8  pmdwin.o [1]
  .rodata                const    0x000254ec        0x8  pmdwin.o [1]
  .rodata                const    0x000254f4        0x8  pmdwin.o [1]
  .rodata                const    0x000254fc        0x8  ppz8l.o [1]
  .text                  ro code  0x00025504        0x8  startup_MIMXRT1052.o [1]
  .text                  ro code  0x0002550c        0x8  startup_MIMXRT1052.o [1]
  .text                  ro code  0x00025514        0x8  startup_MIMXRT1052.o [1]
  .text                  ro code  0x0002551c        0x8  startup_MIMXRT1052.o [1]
  .text                  ro code  0x00025524        0x8  startup_MIMXRT1052.o [1]
  .text                  ro code  0x0002552c        0x8  startup_MIMXRT1052.o [1]
  .text                  ro code  0x00025534        0x8  startup_MIMXRT1052.o [1]
  .text                  ro code  0x0002553c        0x8  startup_MIMXRT1052.o [1]
  .text                  ro code  0x00025544        0x8  startup_MIMXRT1052.o [1]
  .text                  ro code  0x0002554c        0x8  startup_MIMXRT1052.o [1]
  .text                  ro code  0x00025554        0x8  startup_MIMXRT1052.o [1]
  .text                  ro code  0x0002555c        0x8  startup_MIMXRT1052.o [1]
  .text                  ro code  0x00025564        0x8  startup_MIMXRT1052.o [1]
  .text                  ro code  0x0002556c        0x8  startup_MIMXRT1052.o [1]
  .text                  ro code  0x00025574        0x8  startup_MIMXRT1052.o [1]
  .text                  ro code  0x0002557c        0x8  startup_MIMXRT1052.o [1]
  .text                  ro code  0x00025584        0x8  startup_MIMXRT1052.o [1]
  .text                  ro code  0x0002558c        0x8  startup_MIMXRT1052.o [1]
  .text                  ro code  0x00025594        0x8  startup_MIMXRT1052.o [1]
  .text                  ro code  0x0002559c        0x8  startup_MIMXRT1052.o [1]
  .text                  ro code  0x000255a4        0x8  startup_MIMXRT1052.o [1]
  .text                  ro code  0x000255ac        0x8  startup_MIMXRT1052.o [1]
  .text                  ro code  0x000255b4        0x8  startup_MIMXRT1052.o [1]
  .text                  ro code  0x000255bc        0x8  startup_MIMXRT1052.o [1]
  .text                  ro code  0x000255c4        0x8  startup_MIMXRT1052.o [1]
  .text                  ro code  0x000255cc        0x8  startup_MIMXRT1052.o [1]
  .text                  ro code  0x000255d4        0x8  startup_MIMXRT1052.o [1]
  .text                  ro code  0x000255dc        0x8  startup_MIMXRT1052.o [1]
  .text                  ro code  0x000255e4        0x8  startup_MIMXRT1052.o [1]
  .text                  ro code  0x000255ec        0x8  startup_MIMXRT1052.o [1]
  .text                  ro code  0x000255f4        0x8  startup_MIMXRT1052.o [1]
  .text                  ro code  0x000255fc        0x8  startup_MIMXRT1052.o [1]
  .text                  ro code  0x00025604        0x8  startup_MIMXRT1052.o [1]
  .text                  ro code  0x0002560c        0x8  startup_MIMXRT1052.o [1]
  .text                  ro code  0x00025614        0x8  startup_MIMXRT1052.o [1]
  .text                  ro code  0x0002561c        0x8  startup_MIMXRT1052.o [1]
  .text                  ro code  0x00025624        0x8  startup_MIMXRT1052.o [1]
  .text                  ro code  0x0002562c        0x8  startup_MIMXRT1052.o [1]
  .text                  ro code  0x00025634        0x8  startup_MIMXRT1052.o [1]
  .text                  ro code  0x0002563c        0x8  startup_MIMXRT1052.o [1]
  .text                  ro code  0x00025644        0x8  startup_MIMXRT1052.o [1]
  .text                  ro code  0x0002564c        0x8  startup_MIMXRT1052.o [1]
  .text                  ro code  0x00025654        0x8  startup_MIMXRT1052.o [1]
  .text                  ro code  0x0002565c        0x8  startup_MIMXRT1052.o [1]
  .text                  ro code  0x00025664        0x8  startup_MIMXRT1052.o [1]
  .text                  ro code  0x0002566c        0x8  startup_MIMXRT1052.o [1]
  .text                  ro code  0x00025674        0x8  startup_MIMXRT1052.o [1]
  .rodata                const    0x0002567c        0x4  clock_config.o [1]
  .rodata                const    0x00025680        0x4  fsl_dmamux.o [1]
  .rodata                const    0x00025684        0x4  fsl_edma.o [1]
  .rodata                const    0x00025688        0x4  fsl_sdmmc_host.o [1]
  .rodata                const    0x0002568c        0x4  fsl_sdmmc_host.o [1]
  .rodata                const    0x00025690        0x4  fsl_sdmmc_host.o [1]
  .rodata                const    0x00025694        0x4  main.o [1]
  .rodata                const    0x00025698        0x4  main.o [1]
  .rodata                const    0x0002569c        0x4  main.o [1]
  .rodata                const    0x000256a0        0x4  main.o [1]
  .rodata                const    0x000256a4        0x4  main.o [1]
  .rodata                const    0x000256a8        0x4  opna.o [1]
  .rodata                const    0x000256ac        0x4  opna.o [1]
  .rodata                const    0x000256b0        0x4  opna.o [1]
  .rodata                const    0x000256b4        0x4  opna.o [1]
  .rodata                const    0x000256b8        0x4  opna.o [1]
  .rodata                const    0x000256bc        0x4  opna.o [1]
  .rodata                const    0x000256c0        0x4  util.o [1]
  .rodata                const    0x000256c4        0x4  util.o [1]
  .rodata                const    0x000256c8        0x4  util.o [1]
  .rodata                const    0x000256cc        0x4  util.o [1]
  .rodata                const    0x000256d0        0x4  util.o [1]
  .rodata                const    0x000256d4        0x4  util.o [1]
  .rodata                const    0x000256d8        0x4  util.o [1]
  .rodata                const    0x000256dc        0x4  util.o [1]
  .rodata                const    0x000256e0        0x4  util.o [1]
  .rodata                const    0x000256e4        0x4  util.o [1]
  .rodata                const    0x000256e8        0x4  util.o [1]
  .rodata                const    0x000256ec        0x4  util.o [1]
  .rodata                const    0x000256f0        0x4  util.o [1]
  .rodata                const    0x000256f4        0x4  util.o [1]
  .rodata                const    0x000256f8        0x4  util.o [1]
  .rodata                const    0x000256fc        0x4  util.o [1]
  .rodata                const    0x00025700        0x4  util.o [1]
  .rodata                const    0x00025704        0x4  util.o [1]
  .rodata                const    0x00025708        0x4  util.o [1]
  .rodata                const    0x0002570c        0x4  util.o [1]
  .rodata                const    0x00025710        0x4  util.o [1]
  .rodata                const    0x00025714        0x4  util.o [1]
  .rodata                const    0x00025718        0x4  util.o [1]
  .rodata                const    0x0002571c        0x4  util.o [1]
  .rodata                const    0x00025720        0x4  util.o [1]
  .rodata                const    0x00025724        0x4  util.o [1]
  .rodata                const    0x00025728        0x4  util.o [1]
  .rodata                const    0x0002572c        0x4  util.o [1]
  .rodata                const    0x00025730        0x4  util.o [1]
  .rodata                const    0x00025734        0x4  util.o [1]
  .rodata                const    0x00025738        0x4  util.o [1]
  .rodata                const    0x0002573c        0x4  util.o [1]
  .rodata                const    0x00025740        0x4  util.o [1]
  .rodata                const    0x00025744        0x4  util.o [1]
  .rodata                const    0x00025748        0x4  util.o [1]
  .rodata                const    0x0002574c        0x4  util.o [1]
  .rodata                const    0x00025750        0x4  util.o [1]
  .rodata                const    0x00025754        0x4  util.o [1]
  .rodata                const    0x00025758        0x4  util.o [1]
  .rodata                const    0x0002575c        0x4  util.o [1]
  .rodata                const    0x00025760        0x4  util.o [1]
  .rodata                const    0x00025764        0x4  util.o [1]
  .rodata                const    0x00025768        0x4  util.o [1]
  .rodata                const    0x0002576c        0x4  util.o [1]
  .rodata                const    0x00025770        0x4  util.o [1]
  .rodata                const    0x00025774        0x4  util.o [1]
  .rodata                const    0x00025778        0x4  util.o [1]
  .rodata                const    0x0002577c        0x4  util.o [1]
  .rodata                const    0x00025780        0x4  util.o [1]
  .rodata                const    0x00025784        0x4  util.o [1]
  .rodata                const    0x00025788        0x4  util.o [1]
  .rodata                const    0x0002578c        0x4  util.o [1]
  .rodata                const    0x00025790        0x4  util.o [1]
  .rodata                const    0x00025794        0x4  util.o [1]
  .rodata                const    0x00025798        0x4  util.o [1]
  .rodata                const    0x0002579c        0x4  util.o [1]
  .rodata                const    0x000257a0        0x4  util.o [1]
  .rodata                const    0x000257a4        0x4  util.o [1]
  .rodata                const    0x000257a8        0x4  util.o [1]
  .rodata                const    0x000257ac        0x4  util.o [1]
  .rodata                const    0x000257b0        0x4  util.o [1]
  .rodata                const    0x000257b4        0x4  util.o [1]
  .rodata                const    0x000257b8        0x4  util.o [1]
  .rodata                const    0x000257bc        0x4  util.o [1]
  .rodata                const    0x000257c0        0x4  util.o [1]
  .rodata                const    0x000257c4        0x4  util.o [1]
  .rodata                const    0x000257c8        0x4  util.o [1]
  .rodata                const    0x000257cc        0x4  util.o [1]
  .rodata                const    0x000257d0        0x4  util.o [1]
  .rodata                const    0x000257d4        0x4  util.o [1]
  .rodata                const    0x000257d8        0x4  util.o [1]
  .rodata                const    0x000257dc        0x4  util.o [1]
  .rodata                const    0x000257e0        0x4  util.o [1]
  .rodata                const    0x000257e4        0x4  util.o [1]
  .rodata                const    0x000257e8        0x4  util.o [1]
  .rodata                const    0x000257ec        0x4  util.o [1]
  .rodata                const    0x000257f0        0x4  util.o [1]
  .rodata                const    0x000257f4        0x4  util.o [1]
  .rodata                const    0x000257f8        0x4  util.o [1]
  .rodata                const    0x000257fc        0x4  util.o [1]
  .rodata                const    0x00025800        0x4  util.o [1]
  .rodata                const    0x00025804        0x4  util.o [1]
  .rodata                const    0x00025808        0x4  util.o [1]
  .rodata                const    0x0002580c        0x4  util.o [1]
  .rodata                const    0x00025810        0x4  util.o [1]
  .rodata                const    0x00025814        0x4  util.o [1]
  .rodata                const    0x00025818        0x4  util.o [1]
  .rodata                const    0x0002581c        0x4  util.o [1]
  .rodata                const    0x00025820        0x4  util.o [1]
  .rodata                const    0x00025824        0x4  util.o [1]
  .rodata                const    0x00025828        0x4  util.o [1]
  .rodata                const    0x0002582c        0x4  util.o [1]
  .rodata                const    0x00025830        0x4  util.o [1]
  .rodata                const    0x00025834        0x4  util.o [1]
  .rodata                const    0x00025838        0x4  util.o [1]
  .text                  ro code  0x0002583c        0x4  startup_MIMXRT1052.o [1]
  .rodata                const    0x00025840        0x2  util.o [1]
  .rodata                const    0x00025842        0x2  util.o [1]
  .rodata                const    0x00025844        0x2  util.o [1]
  .rodata                const    0x00025846        0x2  util.o [1]
  .rodata                const    0x00025848        0x2  util.o [1]
  .rodata                const    0x0002584a        0x2  util.o [1]
  .rodata                const    0x0002584c        0x2  util.o [1]
  .rodata                const    0x0002584e        0x2  util.o [1]
  .rodata                const    0x00025850        0x2  util.o [1]
  .rodata                const    0x00025852        0x2  util.o [1]
  .rodata                const    0x00025854        0x2  util.o [1]
  .rodata                const    0x00025856        0x2  util.o [1]
  .rodata                const    0x00025858        0x2  util.o [1]
  .rodata                const    0x0002585a        0x2  util.o [1]
  .rodata                const    0x0002585c        0x2  util.o [1]
  .rodata                const    0x0002585e        0x2  util.o [1]
  .rodata                const    0x00025860        0x2  util.o [1]
  .rodata                const    0x00025862        0x2  util.o [1]
  .rodata                const    0x00025864        0x2  util.o [1]
  .rodata                const    0x00025866        0x2  util.o [1]
  .rodata                const    0x00025868        0x2  util.o [1]
  .rodata                const    0x0002586a        0x2  util.o [1]
  .rodata                const    0x0002586c        0x2  util.o [1]
  .rodata                const    0x0002586e        0x2  util.o [1]
  .rodata                const    0x00025870        0x2  util.o [1]
  .rodata                const    0x00025872        0x2  util.o [1]
  .rodata                const    0x00025874        0x2  util.o [1]
  .rodata                const    0x00025876        0x2  util.o [1]
  .rodata                const    0x00025878        0x2  util.o [1]
  .rodata                const    0x0002587a        0x2  util.o [1]
  .rodata                const    0x0002587c        0x2  util.o [1]
  .rodata                const    0x0002587e        0x2  util.o [1]
  .rodata                const    0x00025880        0x2  util.o [1]
  .rodata                const    0x00025882        0x2  util.o [1]
  .rodata                const    0x00025884        0x2  util.o [1]
  .rodata                const    0x00025886        0x2  util.o [1]
  .rodata                const    0x00025888        0x2  util.o [1]
  .rodata                const    0x0002588a        0x2  util.o [1]
  .rodata                const    0x0002588c        0x2  util.o [1]
  .rodata                const    0x0002588e        0x2  util.o [1]
  .rodata                const    0x00025890        0x2  util.o [1]
  .rodata                const    0x00025892        0x2  util.o [1]
  .rodata                const    0x00025894        0x2  util.o [1]
  .rodata                const    0x00025896        0x2  util.o [1]
  .rodata                const    0x00025898        0x2  util.o [1]
  .rodata                const    0x0002589a        0x2  util.o [1]
  .rodata                const    0x0002589c        0x2  util.o [1]
  .rodata                const    0x0002589e        0x2  util.o [1]
  .rodata                const    0x000258a0        0x2  util.o [1]
  .rodata                const    0x000258a2        0x2  util.o [1]
  .rodata                const    0x000258a4        0x2  util.o [1]
  .rodata                const    0x000258a6        0x2  util.o [1]
  .rodata                const    0x000258a8        0x2  util.o [1]
  .rodata                const    0x000258aa        0x2  util.o [1]
  .rodata                const    0x000258ac        0x2  util.o [1]
  .rodata                const    0x000258ae        0x2  util.o [1]
  .rodata                const    0x000258b0        0x2  util.o [1]
  .rodata                const    0x000258b2        0x2  util.o [1]
  .rodata                const    0x000258b4        0x2  util.o [1]
  .rodata                const    0x000258b6        0x2  util.o [1]
  .rodata                const    0x000258b8        0x2  util.o [1]
  .rodata                const    0x000258ba        0x2  util.o [1]
  .rodata                const    0x000258bc        0x2  util.o [1]
  .rodata                const    0x000258be        0x2  util.o [1]
  .rodata                const    0x000258c0        0x2  util.o [1]
  .rodata                const    0x000258c2        0x2  util.o [1]
  .rodata                const    0x000258c4        0x2  util.o [1]
  .text                  ro code  0x000258c6        0x2  opnaw.o [1]
  .text                  ro code  0x000258c8        0x2  startup_MIMXRT1052.o [1]
  .text                  ro code  0x000258ca        0x2  startup_MIMXRT1052.o [1]
  .text                  ro code  0x000258cc        0x2  startup_MIMXRT1052.o [1]
  .text                  ro code  0x000258ce        0x2  startup_MIMXRT1052.o [1]
  .text                  ro code  0x000258d0        0x2  startup_MIMXRT1052.o [1]
  .text                  ro code  0x000258d2        0x2  startup_MIMXRT1052.o [1]
  .text                  ro code  0x000258d4        0x2  startup_MIMXRT1052.o [1]
  .text                  ro code  0x000258d6        0x2  startup_MIMXRT1052.o [1]
  .rodata                const    0x000258d8        0x1  clock_config.o [1]
  .rodata                const    0x000258d9        0x1  util.o [1]
  .rodata                const    0x000258da        0x1  unwind_debug.o [7]
  .rodata                const    0x000258db        0x0  zero_init3.o [6]
  .rodata                const    0x000258db        0x0  lz77_init.o [6]
  Initializer bytes      const    0x000258db      0x2a7  <for RW-1>
  Initializer bytes      const    0x00025b82        0x7  <for NCACHE_VAR-1>
                                - 0x00025b89    0x25789

"P4":                                           0x20000
  CSTACK                          0x20000000    0x20000  <Block>
    CSTACK               uninit   0x20000000    0x20000  <Block tail>
                                - 0x20020000    0x20000

"P2", part 1 of 2:                                0x7c9
  RW                              0x20200000      0x7c9  <Block>
    RW-1                          0x20200000      0x7c9  <Init block>
      .data              inited   0x20200000        0x4  fmgen.o [1]
      .data              inited   0x20200004        0x4  main.o [1]
      .data              inited   0x20200008      0x400  opna.o [1]
      .data              inited   0x20200408       0x18  opna.o [1]
      .data              inited   0x20200420       0x20  psg.o [1]
      .data              inited   0x20200440        0x4  psg.o [1]
      .data              inited   0x20200444        0x4  psg.o [1]
      .data              inited   0x20200448       0x80  psg.o [1]
      .data              inited   0x202004c8        0x4  system_MIMXRT1052.o [1]
      .data              inited   0x202004cc      0x2f4  util.o [1]
      .data              inited   0x202007c0        0x8  rand.o [3]
      .data              inited   0x202007c8        0x1  fsl_sdmmc_host.o [1]
                                - 0x202007c9      0x7c9

"P2", part 2 of 2:                              0x23958
  ZI                              0x202007e0    0x23958  <Block>
    .bss                 zero     0x202007e0        0xc  ff.o [1]
    .bss                 zero     0x202007ec        0x2  ff.o [1]
    .bss                 zero     0x202007ee        0x1  ff.o [1]
    .bss                 zero     0x202007f0     0x1000  fmgen.o [1]
    .bss                 zero     0x202017f0      0x280  fmgen.o [1]
    .bss                 zero     0x20201a70    0x18000  fmgen.o [1]
    .bss                 zero     0x20219a70      0x100  fmgen.o [1]
    .bss                 zero     0x20219b70     0x4000  fmgen.o [1]
    .bss                 zero     0x2021db70     0x2000  fmgen.o [1]
    .bss                 zero     0x2021fb70        0x1  fmgen.o [1]
    .bss                 zero     0x2021fb74        0x4  fmgen.o [1]
    .bss                 zero     0x2021fb78        0x4  fmgen.o [1]
    .bss                 zero     0x2021fb7c        0x4  fmgen.o [1]
    .bss                 zero     0x2021fb80      0x100  fmgen.o [1]
    .bss                 zero     0x2021fc80      0x100  fmgen.o [1]
    .bss                 zero     0x2021fd80        0x4  fsl_clock.o [1]
    .bss                 zero     0x2021fd84        0x4  fsl_clock.o [1]
    .bss                 zero     0x2021fd88       0x80  fsl_edma.o [1]
    .bss                 zero     0x2021fe08        0x1  fsl_edma.o [1]
    .bss                 zero     0x2021fe0c        0x8  fsl_io.o [1]
    .bss                 zero     0x2021fe14        0x4  fsl_lpi2c.o [1]
    .bss                 zero     0x2021fe18       0x10  fsl_lpi2c.o [1]
    .bss                 zero     0x2021fe28        0x4  fsl_lpi2c.o [1]
    .bss                 zero     0x2021fe2c       0x10  fsl_lpi2c.o [1]
    .bss                 zero     0x2021fe3c       0x24  fsl_lpuart.o [1]
    .bss                 zero     0x2021fe60        0x4  fsl_lpuart.o [1]
    .bss                 zero     0x2021fe64       0x20  fsl_sai.o [1]
    .bss                 zero     0x2021fe84        0x4  fsl_sai.o [1]
    .bss                 zero     0x2021fe88        0x4  fsl_sai.o [1]
    .bss                 zero     0x2021fe8c       0x30  fsl_sai_edma.o [1]
    .bss                 zero     0x2021febc       0xbc  fsl_sd_disk.o [1]
    .bss                 zero     0x2021ff78      0x100  fsl_sdmmc_common.o [1]
    .bss                 zero     0x20220078        0x4  fsl_sdmmc_event.o [1]
    .bss                 zero     0x2022007c        0x4  fsl_sdmmc_event.o [1]
    .bss                 zero     0x20220080        0x4  fsl_sdmmc_event.o [1]
    .bss                 zero     0x20220084       0x2c  fsl_sdmmc_host.o [1]
    .bss                 zero     0x202200b0        0x1  fsl_sdmmc_host.o [1]
    .bss                 zero     0x202200b4        0x4  fsl_sdmmc_host.o [1]
    .bss                 zero     0x202200b8       0x54  fsl_shell.o [1]
    .bss                 zero     0x2022010c       0x40  fsl_shell.o [1]
    .bss                 zero     0x2022014c        0x1  fsl_shell.o [1]
    .bss                 zero     0x20220150        0x4  fsl_shell.o [1]
    .bss                 zero     0x20220154        0x4  fsl_shell.o [1]
    .bss                 zero     0x20220158        0xc  fsl_usdhc.o [1]
    .bss                 zero     0x20220164        0x4  fsl_usdhc.o [1]
    .bss                 zero     0x20220168       0x70  fsl_wm8960.o [1]
    .bss                 zero     0x202201d8        0x4  main.o [1]
    .bss                 zero     0x202201dc       0x18  main.o [1]
    .bss                 zero     0x202201f4       0x18  main.o [1]
    .bss                 zero     0x2022020c       0x14  main.o [1]
    .bss                 zero     0x20220220      0x800  main.o [1]
    .bss                 zero     0x20220a20       0x20  main.o [1]
    .bss                 zero     0x20220a40       0x38  main.o [1]
    .bss                 zero     0x20220a78        0x1  main.o [1]
    .bss                 zero     0x20220a79        0x1  main.o [1]
    .bss                 zero     0x20220a7c        0x4  main.o [1]
    .bss                 zero     0x20220a80        0x4  main.o [1]
    .bss                 zero     0x20220a84        0x1  main.o [1]
    .bss                 zero     0x20220a88       0x20  opna.o [1]
    .bss                 zero     0x20220aa8      0x400  opna.o [1]
    .bss                 zero     0x20220ea8        0x4  pmdmini.o [1]
    .bss                 zero     0x20220eac        0x4  pmdmini.o [1]
    .bss                 zero     0x20220eb0      0x400  pmdmini.o [1]
    .bss                 zero     0x202212b0      0x400  pmdmini.o [1]
    .bss                 zero     0x202216b0      0x800  pmdmini.o [1]
    .bss                 zero     0x20221eb0        0x4  pmdmini.o [1]
    .bss                 zero     0x20221eb4        0x4  pmdwin.o [1]
    .bss                 zero     0x20221eb8        0x4  pmdwin.o [1]
    .bss                 zero     0x20221ebc     0x1000  psg.o [1]
    .bss                 zero     0x20222ebc     0x1000  psg.o [1]
    .bss                 zero     0x20223ebc       0x84  rand.o [3]
    .bss                 zero     0x20223f40       0x18  dlmalloc.o [3]
    .bss                 zero     0x20223f58      0x1d8  dlmalloc.o [3]
    .bss                 zero     0x20224130        0x4  new.o [4]
    .bss                 zero     0x20224134        0x4  xgetmemchunk.o [3]
                                - 0x20224138    0x23958

"P3":                                         0x1d00000
  HEAP                            0x80000000  0x1d00000  <Block>
    HEAP                 uninit   0x80000000  0x1d00000  <Block tail>
                                - 0x81d00000  0x1d00000

"P5":                                          0x200000
  NCACHE_VAR                      0x81e00000   0x200000  <Block>
    NCACHE_VAR-1                  0x81e00000      0x1d0  <Init block>
      NonCacheable.init  inited   0x81e00000       0xe8  main.o [1]
      NonCacheable.init  inited   0x81e000e8       0xe8  main.o [1]
    NonCacheable         zero     0x81e001d0      0x228  file.o [1]
    NonCacheable         zero     0x81e003f8       0x20  fsl_sdmmc_host.o [1]
    NonCacheable         zero     0x81e00418      0x234  main.o [1]
    NonCacheable         zero     0x81e0064c      0x800  main.o [1]
    NonCacheable         zero     0x81e00e4c      0x228  pmdmini.o [1]
    NonCacheable         zero     0x81e01074      0x228  pmdwin.o [1]
    NonCacheable         zero     0x81e0129c      0x228  ppsdrv.o [1]
    NCACHE_VAR           uninit   0x81e014c4   0x1feb3c  <Block tail>
                                - 0x82000000   0x200000


*******************************************************************************
*** INIT TABLE
***

          Address     Size
          -------     ----
Zero (__iar_zero_init3)
    2 destination ranges, total size 0x24c4c:
          0x202007e0  0x23958
          0x81e001d0   0x12f4

Copy/lz77 (__iar_lz77_init3)
    1 source range, total size 0x2a7 (34% of destination):
          0x000258db    0x2a7
    1 destination range, total size 0x7c9:
          0x20200000    0x7c9

Copy/lz77 (__iar_lz77_init3)
    1 source range, total size 0x7 (1% of destination):
          0x00025b82      0x7
    1 destination range, total size 0x1d0:
          0x81e00000    0x1d0



*******************************************************************************
*** MODULE SUMMARY
***

    Module                ro code  ro data     rw data
    ------                -------  -------     -------
C:\Users\ZephRay\Documents\ARM\RT_PMDPlay\IAR\Debug\Obj: [1]
    board.o                   656
    clock_config.o            556      109
    diskio.o                  116
    ff.o                    5 860       36          15
    file.o                    244       16         552
    fmgen.o                 3 174    1 105     128 401
    fmtimer.o                 320
    fsl_assert.o               24       44
    fsl_clock.o             1 592       16           8
    fsl_debug_console.o       194      100
    fsl_dmamux.o              164      182
    fsl_edma.o              3 360      242         129
    fsl_gpio.o                470      208
    fsl_io.o                  212       92           8
    fsl_log.o                 178       96
    fsl_lpi2c.o             2 108      220          40
    fsl_lpuart.o            1 324      232          40
    fsl_sai.o               1 696      196          40
    fsl_sai_edma.o          1 020       92          48
    fsl_sd.o                5 864      176
    fsl_sd_disk.o             248                  188
    fsl_sdmmc_common.o        948      140         256
    fsl_sdmmc_event.o         320                   12
    fsl_sdmmc_host.o        1 208      133          82
    fsl_shell.o             2 178      532         157
    fsl_str.o               1 158
    fsl_usdhc.o             3 972      204          16
    fsl_wm8960.o            1 332      112         112
    main.o                  3 432      940       5 299
    opm.o                      24
    opna.o                  7 360      733       2 104
    opnaw.o                   778       36
    p86drv.o                3 260       32
    pin_mux.o               1 096       92
    pmdmini.o                 400                4 660
    pmdwin.o               44 884       84         560
    ppsdrv.o                1 970                  552
    ppz8l.o                10 664      136
    psg.o                   2 000       58       8 360
    startup_MIMXRT1052.o    1 460
    system_MIMXRT1052.o       580        1           4
    table.o                         15 240
    util.o                    448      824         756
    --------------------------------------------------
    Total:                118 852   22 459     152 399

command line: [2]
    --------------------------------------------------
    Total:

dl7M_tln.a: [3]
    abort.o                     6
    abs.o                       8
    dlmalloc.o              5 336                  496
    exit.o                      4
    heaptramp0.o                4
    iar_Stoulx.o              376
    low_level_init.o            4
    rand.o                    168        3         140
    sprintf.o                  64
    strcat.o                   32
    strncasecmp.o              68
    strncat.o                  40
    strncmp.o                  40
    strrchr.o                  48
    toupper.o                  12
    xgetmemchunk.o             44                    4
    xprintftiny.o             322
    xsprout.o                  10
    --------------------------------------------------
    Total:                  6 586        3         640

dlpp7M_tl_nc.a: [4]
    cxxabi.o                   40
    delaop_0.o                  4
    delop_0.o                  10
    new.o                                            4
    newaop_0.o                  4
    newop_0.o                  36
    nomemory.o                  4
    --------------------------------------------------
    Total:                     98                    4

m7M_tlv.a: [5]
    DblToS64.o                 92
    S64ToDbl.o                 82
    U64ToDbl.o                 70
    fpinit_M.o                 34
    frexp.o                   124
    iar_Exp64.o               900
    ldexp.o                   240
    modf.o                    158
    pow64.o                 2 448
    sqrtf.o                    30
    --------------------------------------------------
    Total:                  4 178

rt7M_tl.a: [6]
    ABImemclr.o                 6
    ABImemclr4.o                6
    ABImemcpy.o               166
    ABImemmove.o              150
    ABImemset.o               102
    ABImemset48.o              50
    I64DivMod.o               558
    I64DivZer.o                 2
    cexit.o                    10
    cmain.o                    30
    cstartup_M.o               12
    data_init.o                40
    lz77_init.o               498
    memchr.o                   88
    memcmp.o                  104
    strchr.o                   22
    strcmp.o                   74
    strcpy.o                   76
    strlen.o                   54
    strncpy.o                 112
    zero_init3.o               64
    --------------------------------------------------
    Total:                  2 224

shb_l.a: [7]
    exit.o                     20
    unwind_debug.o                       1
    --------------------------------------------------
    Total:                     20        1

    Gaps                                 4          18
    Linker created                      80  32 631 612
------------------------------------------------------
    Grand Total:          131 958   22 547  32 784 673


*******************************************************************************
*** ENTRY LIST
***

Entry                      Address     Size  Type      Object
-----                      -------     ----  ----      ------
.iar.init_table$$Base   0x00024ef0            --   Gb  - Linker created -
.iar.init_table$$Limit  0x00024f40            --   Gb  - Linker created -
?main                   0x00024fc5           Code  Gb  cmain.o [6]
ARM_MPU_Disable         0x0001c8c7     0x22  Code  Lc  board.o [1]
ARM_MPU_Enable          0x0001c8a9     0x1e  Code  Lc  board.o [1]
AutoComplete            0x0001f9dd     0xb8  Code  Lc  fsl_shell.o [1]
BOARD_BootClockGate     0x0001d071     0x30  Code  Lc  clock_config.o [1]
BOARD_BootClockRUN      0x0001d0a1     0x94  Code  Gb  clock_config.o [1]
BOARD_ConfigMPU         0x0001ca43     0x86  Code  Gb  board.o [1]
BOARD_DebugConsoleSrcFreq
                        0x0001c9f3     0x3a  Code  Gb  board.o [1]
BOARD_EnableSaiMclkOutput
                        0x0001b821     0x2a  Code  Gb  main.o [1]
BOARD_InitDebugConsole  0x0001ca2d     0x16  Code  Gb  board.o [1]
BOARD_InitPins          0x0001cbb3    0x304  Code  Gb  pin_mux.o [1]
BOARD_USDHCClockConfiguration
                        0x0001bcab     0x20  Code  Lc  main.o [1]
CLOCK_ControlGate       0x0001decd     0x40  Code  Lc  fsl_dmamux.o [1]
CLOCK_ControlGate       0x0001d1c9     0x46  Code  Lc  fsl_edma.o [1]
CLOCK_ControlGate       0x0001ac2d     0x40  Code  Lc  fsl_gpio.o [1]
CLOCK_ControlGate       0x0001e62d     0x46  Code  Lc  fsl_lpi2c.o [1]
CLOCK_ControlGate       0x0001a5c1     0x46  Code  Lc  fsl_lpuart.o [1]
CLOCK_ControlGate       0x0001df71     0x46  Code  Lc  fsl_sai.o [1]
CLOCK_ControlGate       0x000191c5     0x46  Code  Lc  fsl_usdhc.o [1]
CLOCK_ControlGate       0x0001b65d     0x46  Code  Lc  main.o [1]
CLOCK_ControlGate       0x0001cb39     0x46  Code  Lc  pin_mux.o [1]
CLOCK_DeinitAudioPll    0x0001b0f9      0xc  Code  Gb  fsl_clock.o [1]
CLOCK_DeinitEnetPll     0x0001b111      0xc  Code  Gb  fsl_clock.o [1]
CLOCK_DeinitUsb2Pll     0x0001b06f      0xa  Code  Gb  fsl_clock.o [1]
CLOCK_DeinitVideoPll    0x0001b105      0xc  Code  Gb  fsl_clock.o [1]
CLOCK_EnableClock       0x0001df0d      0xc  Code  Lc  fsl_dmamux.o [1]
CLOCK_EnableClock       0x0001d20f      0xc  Code  Lc  fsl_edma.o [1]
CLOCK_EnableClock       0x0001ac6d      0xc  Code  Lc  fsl_gpio.o [1]
CLOCK_EnableClock       0x0001e673      0xc  Code  Lc  fsl_lpi2c.o [1]
CLOCK_EnableClock       0x0001a607      0xc  Code  Lc  fsl_lpuart.o [1]
CLOCK_EnableClock       0x0001dfb7      0xc  Code  Lc  fsl_sai.o [1]
CLOCK_EnableClock       0x0001920b      0xc  Code  Lc  fsl_usdhc.o [1]
CLOCK_EnableClock       0x0001b6a3      0xc  Code  Lc  main.o [1]
CLOCK_EnableClock       0x0001cb7f      0xc  Code  Lc  pin_mux.o [1]
CLOCK_GetDiv            0x0001c9b7     0x2a  Code  Lc  board.o [1]
CLOCK_GetDiv            0x0001b633     0x2a  Code  Lc  main.o [1]
CLOCK_GetFreq           0x0001aebd    0x15e  Code  Gb  fsl_clock.o [1]
CLOCK_GetMux            0x0001c98d     0x2a  Code  Lc  board.o [1]
CLOCK_GetOscFreq        0x0001c9e1     0x12  Code  Lc  board.o [1]
CLOCK_GetOscFreq        0x0001ae05     0x18  Code  Lc  fsl_clock.o [1]
CLOCK_GetPeriphClkFreq  0x0001ae23     0x9a  Code  Lc  fsl_clock.o [1]
CLOCK_GetPllFreq        0x0001b11d    0x1c0  Code  Gb  fsl_clock.o [1]
CLOCK_GetRtcFreq        0x0001ae1d      0x6  Code  Lc  fsl_clock.o [1]
CLOCK_GetSysPfdFreq     0x0001b31b     0x5c  Code  Gb  fsl_clock.o [1]
CLOCK_GetUsb1PfdFreq    0x0001b377     0x5c  Code  Gb  fsl_clock.o [1]
CLOCK_InitArmPll        0x0001b01b     0x1c  Code  Gb  fsl_clock.o [1]
CLOCK_InitAudioPll      0x0001b079     0x80  Code  Gb  fsl_clock.o [1]
CLOCK_InitSysPfd        0x0001b2dd     0x3e  Code  Gb  fsl_clock.o [1]
CLOCK_InitSysPll        0x0001b037     0x1c  Code  Gb  fsl_clock.o [1]
CLOCK_InitUsb1Pll       0x0001b053     0x1c  Code  Gb  fsl_clock.o [1]
CLOCK_SetDiv            0x0001cff3     0x72  Code  Lc  clock_config.o [1]
CLOCK_SetDiv            0x0001b5bb     0x78  Code  Lc  main.o [1]
CLOCK_SetMux            0x0001cf81     0x72  Code  Lc  clock_config.o [1]
CLOCK_SetMux            0x0001b543     0x78  Code  Lc  main.o [1]
CLOCK_SetRtcXtalFreq    0x0001d06b      0x6  Code  Lc  clock_config.o [1]
CLOCK_SetXtalFreq       0x0001d065      0x6  Code  Lc  clock_config.o [1]
CSTACK$$Base            0x20000000            --   Gb  - Linker created -
CSTACK$$Limit           0x20020000            --   Gb  - Linker created -
ConvertFloatRadixNumToString
                        0x00016f5d    0x176  Code  Lc  fsl_str.o [1]
ConvertRadixNumToString
                        0x00016ed1     0x88  Code  Lc  fsl_str.o [1]
CurrVol                 0x202007ee      0x1  Data  Lc  ff.o [1]
DMA0_DMA16_DriverIRQHandler
                        0x0001dbb1     0x34  Code  Gb  fsl_edma.o [1]
DMA10_DMA26_DriverIRQHandler
                        0x0001ddab     0x2c  Code  Gb  fsl_edma.o [1]
DMA11_DMA27_DriverIRQHandler
                        0x0001ddd7     0x2c  Code  Gb  fsl_edma.o [1]
DMA12_DMA28_DriverIRQHandler
                        0x0001de03     0x2c  Code  Gb  fsl_edma.o [1]
DMA13_DMA29_DriverIRQHandler
                        0x0001de2f     0x2c  Code  Gb  fsl_edma.o [1]
DMA14_DMA30_DriverIRQHandler
                        0x0001de5b     0x2c  Code  Gb  fsl_edma.o [1]
DMA15_DMA31_DriverIRQHandler
                        0x0001de87     0x2c  Code  Gb  fsl_edma.o [1]
DMA1_DMA17_DriverIRQHandler
                        0x0001dbe5     0x34  Code  Gb  fsl_edma.o [1]
DMA2_DMA18_DriverIRQHandler
                        0x0001dc19     0x34  Code  Gb  fsl_edma.o [1]
DMA3_DMA19_DriverIRQHandler
                        0x0001dc4d     0x34  Code  Gb  fsl_edma.o [1]
DMA4_DMA20_DriverIRQHandler
                        0x0001dc81     0x34  Code  Gb  fsl_edma.o [1]
DMA5_DMA21_DriverIRQHandler
                        0x0001dcb5     0x34  Code  Gb  fsl_edma.o [1]
DMA6_DMA22_DriverIRQHandler
                        0x0001dce9     0x34  Code  Gb  fsl_edma.o [1]
DMA7_DMA23_DriverIRQHandler
                        0x0001dd1d     0x32  Code  Gb  fsl_edma.o [1]
DMA8_DMA24_DriverIRQHandler
                        0x0001dd4f     0x30  Code  Gb  fsl_edma.o [1]
DMA9_DMA25_DriverIRQHandler
                        0x0001dd7f     0x2c  Code  Gb  fsl_edma.o [1]
DMAMUX_EnableChannel    0x0001b6c1     0x2a  Code  Lc  main.o [1]
DMAMUX_GetInstance      0x0001df19     0x2c  Code  Lc  fsl_dmamux.o [1]
DMAMUX_Init             0x0001df45     0x12  Code  Gb  fsl_dmamux.o [1]
DMAMUX_SetSource        0x0001b6eb     0x32  Code  Lc  main.o [1]
DM_001                  0x00021ed0     0x5c  Data  Lc  table.o [1]
DM_002                  0x00021f2c     0x5c  Data  Lc  table.o [1]
DM_003                  0x00021f88     0x5c  Data  Lc  table.o [1]
DM_004                  0x00021fe4     0x5c  Data  Lc  table.o [1]
[...]
__Vectors_Size {Abs}    0x00000400            --   Gb  startup_MIMXRT1052.o [1]
__aeabi_assert          0x00015775     0x18  Code  Gb  fsl_assert.o [1]
__aeabi_d2lz            0x00018d21           Code  Gb  DblToS64.o [5]
__aeabi_l2d             0x00018d7d           Code  Gb  S64ToDbl.o [5]
__aeabi_ldiv0           0x00016ab5           Code  Gb  I64DivZer.o [6]
__aeabi_memclr          0x00016519           Code  Gb  ABImemclr.o [6]
__aeabi_memclr4         0x00016ec9           Code  Gb  ABImemclr4.o [6]
__aeabi_memcpy          0x00011051           Code  Gb  ABImemcpy.o [6]
__aeabi_memcpy4         0x00011071           Code  Gb  ABImemcpy.o [6]
__aeabi_memcpy8         0x00011071           Code  Gb  ABImemcpy.o [6]
__aeabi_memmove         0x0001fea1           Code  Gb  ABImemmove.o [6]
__aeabi_memmove4        0x0001fea1           Code  Gb  ABImemmove.o [6]
__aeabi_memmove8        0x0001fea1           Code  Gb  ABImemmove.o [6]
__aeabi_memset          0x0000f541           Code  Gb  ABImemset.o [6]
__aeabi_ul2d            0x000140f9           Code  Gb  U64ToDbl.o [5]
__aeabi_uldivmod        0x00014ad1           Code  Gb  I64DivMod.o [6]
__aeabi_vec_ctor_nocookie_nodtor
                        0x000161c5     0x28  Code  Gb  cxxabi.o [4]
__cmain                 0x00024fc5           Code  Gb  cmain.o [6]
__data_GetMemChunk      0x00016689     0x2c  Code  Gb  xgetmemchunk.o [3]
__data_GetMemChunk::start
                        0x20224134      0x4  Data  Lc  xgetmemchunk.o [3]
__exit                  0x00017359     0x14  Code  Gb  exit.o [7]
__iar_Exp64             0x00016731    0x384  Code  Gb  iar_Exp64.o [5]
__iar_Memchr            0x0001fc05           Code  Gb  memchr.o [6]
__iar_Memset            0x0000f541           Code  Gb  ABImemset.o [6]
__iar_Memset4_word      0x00018c4d           Code  Gb  ABImemset48.o [6]
__iar_Memset8_word      0x00018c4d           Code  Gb  ABImemset48.o [6]
__iar_Memset_word       0x0000f549           Code  Gb  ABImemset.o [6]
__iar_Pow64             0x00014141    0x4d0  Code  Lc  pow64.o [5]
__iar_Stoulx            0x0001c1a5    0x116  Code  Gb  iar_Stoulx.o [3]
__iar_Strchr            0x0001133d           Code  Gb  strchr.o [6]
__iar_Strrchr           0x0000b34d     0x18  Code  Gb  strrchr.o [3]
__iar_data_init3        0x00024e15     0x28  Code  Gb  data_init.o [6]
__iar_debug_exceptions  0x000258da      0x1  Data  Gb  unwind_debug.o [7]
__iar_dlfree            0x00013a17    0x4f6  Code  Gb  dlmalloc.o [3]
__iar_dlmalloc          0x00013761    0x2b6  Code  Gb  dlmalloc.o [3]
__iar_frexp             0x000166cd           Code  Gb  frexp.o [5]
__iar_frexp64           0x000166b5           Code  Gb  frexp.o [5]
__iar_frexpl            0x000166cd           Code  Gb  frexp.o [5]
__iar_init_vfp          0x00024ecd           Code  Gb  fpinit_M.o [5]
__iar_ldexp64           0x0001736d           Code  Gb  ldexp.o [5]
__iar_lz77_init3        0x00020685    0x176  Code  Gb  lz77_init.o [6]
__iar_modf              0x00018c91           Code  Gb  modf.o [5]
__iar_modf64            0x00018c81           Code  Gb  modf.o [5]
__iar_modfl             0x00018c91           Code  Gb  modf.o [5]
__iar_pow64             0x000146a9      0x4  Code  Gb  pow64.o [5]
__iar_pow_medium        0x000146a9      0x4  Code  Gb  pow64.o [5]
__iar_pow_medium64      0x000146a9      0x4  Code  Gb  pow64.o [5]
__iar_pow_mediuml       0x000146a9      0x4  Code  Gb  pow64.o [5]
__iar_program_start     0x00025301           Code  Gb  cstartup_M.o [6]
__iar_scalbln64         0x0001736d           Code  Gb  ldexp.o [5]
__iar_scalbn64          0x0001736d           Code  Gb  ldexp.o [5]
__iar_sqrt32            0x00010f81           Code  Gb  sqrtf.o [5]
__iar_systems$$module {Abs}
                        0x00000001           Data  Gb  command line/config [2]
__iar_zero_init3        0x00023fb5     0x40  Code  Gb  zero_init3.o [6]
__low_level_init        0x00024fe3      0x4  Code  Gb  low_level_init.o [3]
__vector_table          0x00000000           Data  Gb  startup_MIMXRT1052.o [1]
__vector_table_0x1c     0x0000001c           Data  Gb  startup_MIMXRT1052.o [1]
_call_main              0x00024fd1           Code  Gb  cmain.o [6]
_exit                   0x00024fed           Code  Gb  cexit.o [6]
_gm_                    0x20223f58    0x1d8  Data  Lc  dlmalloc.o [3]
_main                   0x00024fdf           Code  Gb  cmain.o [6]
abort                   0x00016683      0x6  Code  Gb  abort.o [3]
abs                     0x00011049      0x8  Code  Gb  abs.o [3]
add_segment             0x00012dfd    0x1fc  Code  Lc  dlmalloc.o [3]
armPllConfig            0x0002567c      0x4  Data  Gb  clock_config.o [1]
atoi                    0x0001c2c1      0x2  Code  Gb  iar_Stoulx.o [3]
audioBuff               0x81e0064c    0x800  Data  Lc  main.o [1]
audioPllConfig          0x000252e8      0xc  Data  Gb  main.o [1]
carrier_table           0x00023f74     0x40  Data  Gb  table.o [1]
check_fs                0x00011e15     0x78  Code  Lc  ff.o [1]
chk_chr                 0x000113db     0x14  Code  Lc  ff.o [1]
clust2sect              0x00011511     0x1a  Code  Lc  ff.o [1]
codecHandle             0x20220a20     0x20  Data  Gb  main.o [1]
create_chain            0x00011799     0xce  Code  Lc  ff.o [1]
create_name             0x00011b95    0x17c  Code  Lc  ff.o [1]
delesc(char *, char const *)
                        0x00011161     0xc2  Code  Gb  util.o [1]
digits                  0x0001c2cc     0x28  Data  Lc  iar_Stoulx.o [3]
dir_alloc               0x00011a33     0x5c  Code  Lc  ff.o [1]
dir_find                0x00011adf     0x70  Code  Lc  ff.o [1]
dir_next                0x00011911    0x122  Code  Lc  ff.o [1]
dir_register            0x00011b4f     0x46  Code  Lc  ff.o [1]
dir_sdi                 0x00011867     0xaa  Code  Lc  ff.o [1]
disk_initialize         0x00016561     0x16  Code  Gb  diskio.o [1]
disk_ioctl              0x000165a7     0x18  Code  Gb  diskio.o [1]
disk_read               0x00016577     0x18  Code  Gb  diskio.o [1]
disk_status             0x0001654b     0x16  Code  Gb  diskio.o [1]
disk_write              0x0001658f     0x18  Code  Gb  diskio.o [1]
dmaRxHandle             0x202201f4     0x18  Data  Gb  main.o [1]
dmaTxHandle             0x202201dc     0x18  Data  Gb  main.o [1]
efftbl                  0x0001ff38    0x4d0  Data  Gb  table.o [1]
emptyBlock              0x20200004      0x4  Data  Gb  main.o [1]
exit                    0x00024fe7      0x4  Code  Gb  exit.o [3]
f_chdrive               0x0001286f     0x18  Code  Gb  ff.o [1]
f_close                 0x00012849     0x26  Code  Gb  ff.o [1]
f_lseek                 0x000128b1    0x188  Code  Gb  ff.o [1]
f_mount                 0x000121ad     0x60  Code  Gb  ff.o [1]
f_open                  0x0001220d    0x204  Code  Gb  ff.o [1]
f_read                  0x00012411    0x1a2  Code  Gb  ff.o [1]
f_sync                  0x000127b1     0x98  Code  Gb  ff.o [1]
f_write                 0x000125b3    0x1fe  Code  Gb  ff.o [1]
fgetmemo3               0x0000b2e3     0x12  Code  Gb  pmdwin.o [1]
find_volume             0x00011e95    0x2d8  Code  Lc  ff.o [1]
fnum_data               0x000240b4     0x30  Data  Gb  table.o [1]
follow_path             0x00011d11     0xb8  Code  Lc  ff.o [1]
format                  0x2022020c     0x14  Data  Lc  main.o [1]
fp                      0x81e01074    0x228  Data  Lc  pmdwin.o [1]
fp                      0x81e0129c    0x228  Data  Lc  ppsdrv.o [1]
fp1                     0x81e00e4c    0x228  Data  Lc  pmdmini.o [1]
free                    0x00013f11      0x4  Code  Gb  heaptramp0.o [3]
frexp                   0x000166b5           Code  Gb  frexp.o [5]
frexpl                  0x000166b5           Code  Gb  frexp.o [5]
fullBlock               0x202201d8      0x4  Data  Gb  main.o [1]
g_RegisteredCommands    0x202200b8     0x54  Data  Lc  fsl_shell.o [1]
g_eventCardDetect       0x20220078      0x4  Data  Lc  fsl_sdmmc_event.o [1]
g_eventTimeMilliseconds
                        0x20220080      0x4  Data  Lc  fsl_sdmmc_event.o [1]
g_eventTransferComplete
                        0x2022007c      0x4  Data  Lc  fsl_sdmmc_event.o [1]
g_fileSystem            0x81e00418    0x234  Data  Lc  main.o [1]
g_paramBuffer           0x2022010c     0x40  Data  Lc  fsl_shell.o [1]
g_rtcXtalFreq           0x2021fd84      0x4  Data  Gb  fsl_clock.o [1]
g_sd                    0x2021febc     0xbc  Data  Gb  fsl_sd_disk.o [1]
g_sdmmc                 0x2021ff78    0x100  Data  Gb  fsl_sdmmc_common.o [1]
g_usdhcAdma2Table       0x81e003f8     0x20  Data  Gb  fsl_sdmmc_host.o [1]
g_xtalFreq              0x2021fd80      0x4  Data  Gb  fsl_clock.o [1]
get_fat                 0x0001152b     0xd0  Code  Lc  ff.o [1]
get_ldnumber            0x00011dc9     0x4c  Code  Lc  ff.o [1]
getlength               0x0000b2fd     0x12  Code  Gb  pmdwin.o [1]
getopenwork             0x0000b30f      0xc  Code  Gb  pmdwin.o [1]
getpcmdata              0x0000b2d3     0x10  Code  Gb  pmdwin.o [1]
hfile                   0x81e001d0    0x228  Data  Lc  file.o [1]
i2cHandle               0x20220a40     0x38  Data  Gb  main.o [1]
init_mparams            0x00012a57     0x32  Code  Lc  dlmalloc.o [3]
init_top                0x00012a89     0x32  Code  Lc  dlmalloc.o [3]
isrxFinished            0x20220a79      0x1  Data  Gb  main.o [1]
istxFinished            0x20220a78      0x1  Data  Gb  main.o [1]
kLpi2cBases             0x00025120     0x14  Data  Lc  fsl_lpi2c.o [1]
kLpi2cClocks            0x000252ac      0xc  Data  Lc  fsl_lpi2c.o [1]
kLpi2cIrqs              0x000252a0      0xc  Data  Lc  fsl_lpi2c.o [1]
ld_clust                0x00011a8f     0x26  Code  Lc  ff.o [1]
ld_dword                0x00011361     0x16  Code  Lc  ff.o [1]
ld_word                 0x00011355      0xc  Code  Lc  ff.o [1]
ldexp                   0x0001736d           Code  Gb  ldexp.o [5]
ldexpl                  0x0001736d           Code  Gb  ldexp.o [5]
lnbias                  0x000146b0    0x420  Data  Lc  pow64.o [5]
main                    0x0001bde5    0x29e  Code  Gb  main.o [1]
mem_cmp                 0x000113bd     0x1e  Code  Lc  ff.o [1]
mem_cpy                 0x0001139d     0x14  Code  Lc  ff.o [1]
mem_set                 0x000113b1      0xc  Code  Lc  ff.o [1]
memchr                  0x0001fc05           Code  Gb  memchr.o [6]
memcmp                  0x00013f3d           Code  Gb  memcmp.o [6]
modf                    0x00018c81           Code  Gb  modf.o [5]
modfl                   0x00018c81           Code  Gb  modf.o [5]
move_window             0x00011443     0x3c  Code  Lc  ff.o [1]
mparams                 0x20223f40     0x18  Data  Lc  dlmalloc.o [3]
music_load              0x0000b2b5     0x10  Code  Gb  pmdwin.o [1]
music_start             0x0000b2c5      0xe  Code  Gb  pmdwin.o [1]
ndigs                   0x0001c2f4     0x28  Data  Lc  iar_Stoulx.o [3]
operator delete (void *)
                        0x0001641d      0xa  Code  Gb  delop_0.o [4]
operator delete[] (void *)
                        0x00016547      0x4  Code  Gb  delaop_0.o [4]
operator new (unsigned int)
                        0x00014d01     0x24  Code  Gb  newop_0.o [4]
operator new[] (unsigned int)
                        0x00016419      0x4  Code  Gb  newaop_0.o [4]
out                     0x00014d25     0x1c  Code  Lc  xprintftiny.o [3]
p86_tune_data           0x000207fc    0x194  Data  Gb  table.o [1]
pcm_tune_data           0x00024114     0x30  Data  Gb  table.o [1]
pmd_compo               0x202212b0    0x400  Data  Gb  pmdmini.o [1]
pmd_file                0x202216b0    0x800  Data  Gb  pmdmini.o [1]
pmd_init                0x0001c347     0x24  Code  Gb  pmdmini.o [1]
pmd_is_pmd              0x0001c36b     0x68  Code  Gb  pmdmini.o [1]
pmd_length              0x20220ea8      0x4  Data  Gb  pmdmini.o [1]
pmd_length_sec          0x0001c471      0xe  Code  Gb  pmdmini.o [1]
pmd_loop                0x20220eac      0x4  Data  Gb  pmdmini.o [1]
pmd_play                0x0001c3d3     0x9e  Code  Gb  pmdmini.o [1]
pmd_renderer            0x0001c47f      0x8  Code  Gb  pmdmini.o [1]
pmd_split_dir           0x0001c31d     0x2a  Code  Lc  pmdmini.o [1]
pmd_title               0x20220eb0    0x400  Data  Gb  pmdmini.o [1]
pmdwin                  0x20221eb4      0x4  Data  Gb  pmdwin.o [1]
pmdwin2                 0x20221eb8      0x4  Data  Gb  pmdwin.o [1]
pmdwininit              0x0000b237     0x5e  Code  Gb  pmdwin.o [1]
pmdwork                 0x20221eb0      0x4  Data  Gb  pmdmini.o [1]
pow                     0x000146a9      0x4  Code  Gb  pow64.o [5]
powl                    0x000146a9      0x4  Code  Gb  pow64.o [5]
ppz_tune_data           0x00024144     0x30  Data  Gb  table.o [1]
ppzpandata              0x00025278     0x10  Data  Gb  table.o [1]
prepend_alloc           0x00012abb    0x342  Code  Lc  dlmalloc.o [3]
psg_tune_data           0x000240e4     0x30  Data  Gb  table.o [1]
put_fat                 0x000115fb    0x114  Code  Lc  ff.o [1]
rand                    0x00010fa1     0x96  Code  Gb  rand.o [3]
ratetable               0x00024f84     0x20  Data  Lc  p86drv.o [1]
receiveCount            0x20220a80      0x4  Data  Gb  main.o [1]
reg_cache               0x20220168     0x70  Data  Lc  fsl_wm8960.o [1]
remove_chain            0x0001170f     0x8a  Code  Lc  ff.o [1]
renderBuff              0x20220220    0x800  Data  Lc  main.o [1]
rhydat                  0x000219e0     0x84  Data  Gb  table.o [1]
rxCallback              0x0001b871     0x26  Code  Lc  main.o [1]
rxHandle                0x81e000e8     0xe8  Data  Gb  main.o [1]
s_EDMAHandle            0x2021fd88     0x80  Data  Lc  fsl_edma.o [1]
s_debugConsoleIO        0x2021fe0c      0x8  Data  Lc  fsl_io.o [1]
s_dmamuxBases           0x00025680      0x4  Data  Lc  fsl_dmamux.o [1]
s_dmamuxClockName       0x0000e882      0x2  Data  Lc  fsl_dmamux.o [1]
s_edmaBases             0x00025684      0x4  Data  Lc  fsl_edma.o [1]
s_edmaClockName         0x00010f9e      0x2  Data  Lc  fsl_edma.o [1]
s_edmaIRQNumber         0x00023df4     0x40  Data  Lc  fsl_edma.o [1]
s_edmaPrivateHandle     0x2021fe8c     0x30  Data  Lc  fsl_sai_edma.o [1]
s_gpioBases             0x0002504c     0x18  Data  Lc  fsl_gpio.o [1]
s_gpioClock             0x00025294      0xc  Data  Lc  fsl_gpio.o [1]
s_lpi2cMasterHandle     0x2021fe18     0x10  Data  Lc  fsl_lpi2c.o [1]
s_lpi2cMasterIsr        0x2021fe14      0x4  Data  Lc  fsl_lpi2c.o [1]
s_lpi2cSlaveHandle      0x2021fe2c     0x10  Data  Lc  fsl_lpi2c.o [1]
s_lpi2cSlaveIsr         0x2021fe28      0x4  Data  Lc  fsl_lpi2c.o [1]
s_lpuartBases           0x00024e3c     0x24  Data  Lc  fsl_lpuart.o [1]
s_lpuartClock           0x00025134     0x14  Data  Lc  fsl_lpuart.o [1]
s_lpuartHandle          0x2021fe3c     0x24  Data  Lc  fsl_lpuart.o [1]
s_lpuartIsr             0x2021fe60      0x4  Data  Lc  fsl_lpuart.o [1]
s_reTuningFlag          0x202200b4      0x4  Data  Lc  fsl_sdmmc_host.o [1]
s_saiBases              0x000251d8     0x10  Data  Lc  fsl_sai.o [1]
s_saiClock              0x0002536c      0x8  Data  Lc  fsl_sai.o [1]
s_saiHandle             0x2021fe64     0x20  Data  Gb  fsl_sai.o [1]
s_saiRxIsr              0x2021fe88      0x4  Data  Lc  fsl_sai.o [1]
s_saiTxIsr              0x2021fe84      0x4  Data  Lc  fsl_sai.o [1]
s_sdCardDetect          0x00025184     0x14  Data  Lc  main.o [1]
s_sdInsertedFlag        0x202200b0      0x1  Data  Lc  fsl_sdmmc_host.o [1]
s_usdhcBase             0x000252c4      0xc  Data  Lc  fsl_usdhc.o [1]
s_usdhcClock            0x00025464      0x8  Data  Lc  fsl_usdhc.o [1]
s_usdhcHandle           0x20220084     0x2c  Data  Lc  fsl_sdmmc_host.o [1]
s_usdhcHandle           0x20220158      0xc  Data  Lc  fsl_usdhc.o [1]
s_usdhcIRQ              0x0002545c      0x8  Data  Lc  fsl_usdhc.o [1]
s_usdhcIsr              0x20220164      0x4  Data  Lc  fsl_usdhc.o [1]
s_usdhcTransferSuccessFlag
                        0x202007c8      0x1  Data  Lc  fsl_sdmmc_host.o [1]
scalbln                 0x0001736d           Code  Gb  ldexp.o [5]
scalblnl                0x0001736d           Code  Gb  ldexp.o [5]
scalbn                  0x0001736d           Code  Gb  ldexp.o [5]
scalbnl                 0x0001736d           Code  Gb  ldexp.o [5]
sd_disk_initialize      0x00016dcb     0x44  Code  Gb  fsl_sd_disk.o [1]
sd_disk_ioctl           0x00016d5d     0x60  Code  Gb  fsl_sd_disk.o [1]
sd_disk_read            0x00016d3d     0x20  Code  Gb  fsl_sd_disk.o [1]
sd_disk_status          0x00016dbd      0xe  Code  Gb  fsl_sd_disk.o [1]
sd_disk_write           0x00016d1d     0x20  Code  Gb  fsl_sd_disk.o [1]
sdcard                  0x20220a84      0x1  Data  Gb  main.o [1]
sdcardWaitCardInsert    0x0001bccb     0x94  Code  Lc  main.o [1]
segment_holding         0x00012a39     0x1e  Code  Lc  dlmalloc.o [3]
sendCount               0x20220a7c      0x4  Data  Gb  main.o [1]
setpcmdir               0x0000b295     0x10  Code  Gb  pmdwin.o [1]
setpcmrate              0x0000b2a5     0x10  Code  Gb  pmdwin.o [1]
sprintf                 0x0000b3e9     0x40  Code  Gb  sprintf.o [3]
sqrtf                   0x00010f81           Code  Gb  sqrtf.o [5]
st_clust                0x00011ab5     0x2a  Code  Lc  ff.o [1]
st_dword                0x00011385     0x18  Code  Lc  ff.o [1]
st_word                 0x00011377      0xe  Code  Lc  ff.o [1]
std::_NomemoryNothrow()
                        0x00016ab7      0x4  Code  Gb  nomemory.o [4]
std::__iar_New_hand     0x20224130      0x4  Data  Gb  new.o [4]
strcat                  0x0000b3c9     0x20  Code  Gb  strcat.o [3]
strchr                  0x0001133d           Code  Gb  strchr.o [6]
strcmp                  0x000112f1           Code  Gb  strcmp.o [6]
strcpy                  0x0000b37d           Code  Gb  strcpy.o [6]
strlen                  0x000110f9           Code  Gb  strlen.o [6]
strncasecmp             0x00014e67     0x44  Code  Gb  strncasecmp.o [3]
strncat                 0x0001651f     0x28  Code  Gb  strncat.o [3]
strncmp                 0x00013f15     0x28  Code  Gb  strncmp.o [3]
strncpy                 0x00014ead           Code  Gb  strncpy.o [6]
strrchr                 0x0000b365     0x18  Code  Gb  strrchr.o [3]
sync_fs                 0x0001147f     0x92  Code  Lc  ff.o [1]
sync_window             0x000113ef     0x54  Code  Lc  ff.o [1]
sysPllConfig            0x00025288      0xc  Data  Gb  clock_config.o [1]
sys_alloc               0x00012fff    0x160  Code  Lc  dlmalloc.o [3]
sys_trim                0x0001315f     0x66  Code  Lc  dlmalloc.o [3]
tmalloc_large           0x000131d1    0x384  Code  Lc  dlmalloc.o [3]
tmalloc_small           0x00013555    0x1fe  Code  Lc  dlmalloc.o [3]
toupper                 0x0000b341      0xc  Code  Gb  toupper.o [3]
txCallback              0x0001b84b     0x26  Code  Lc  main.o [1]
txHandle                0x81e00000     0xe8  Data  Gb  main.o [1]
usb1PllConfig           0x000258d8      0x1  Data  Gb  clock_config.o [1]
validate                0x0001216d     0x40  Code  Lc  ff.o [1]
wav_header              0x0001b739     0xe8  Code  Lc  main.o [1]
wm8960_reg              0x00021c38     0x70  Data  Lc  fsl_wm8960.o [1]
xExitCommand            0x000251f8     0x10  Data  Lc  fsl_shell.o [1]
xHelpCommand            0x000251e8     0x10  Data  Lc  fsl_shell.o [1]
xLedCommand             0x00025218     0x10  Data  Lc  main.o [1]
xPmdCommand             0x00025228     0x10  Data  Lc  main.o [1]
xWavCommand             0x00025238     0x10  Data  Lc  main.o [1]
zen2tohan(char *, char const *)
                        0x00011223     0xc6  Code  Gb  util.o [1]
zen2tohan(char *, char const *)::codetable
                        0x202004cc    0x2f4  Data  Lc  util.o [1]


[1] = C:\Users\ZephRay\Documents\ARM\RT_PMDPlay\IAR\Debug\Obj
[2] = command line
[3] = dl7M_tln.a
[4] = dlpp7M_tl_nc.a
[5] = m7M_tlv.a
[6] = rt7M_tl.a
[7] = shb_l.a

     131 958 bytes of readonly  code memory
      22 547 bytes of readonly  data memory
  32 784 673 bytes of readwrite data memory

Errors: none
Warnings: none
